Modules list:
-------------
dc.o:
    CODE              Offs=000000  Size=0030B0  Align=00001  Fill=0000
    RODATA            Offs=000000  Size=000708  Align=00001  Fill=0000
    BSS               Offs=000000  Size=000100  Align=00001  Fill=0000
    DATA              Offs=000000  Size=000003  Align=00001  Fill=0000
screen.o:
    CODE              Offs=0030B0  Size=00021E  Align=00001  Fill=0000
    BSS               Offs=000100  Size=000003  Align=00001  Fill=0000
cat.o:
    CODE              Offs=0032CE  Size=000357  Align=00001  Fill=0000
    RODATA            Offs=000708  Size=00001C  Align=00001  Fill=0000
dir.o:
    CODE              Offs=003625  Size=000AE4  Align=00001  Fill=0000
    RODATA            Offs=000724  Size=000030  Align=00001  Fill=0000
base.o:
    CODE              Offs=004109  Size=000031  Align=00001  Fill=0000
    RODATA            Offs=000754  Size=000024  Align=00001  Fill=0000
ops.o:
    CODE              Offs=00413A  Size=00119D  Align=00001  Fill=0000
    RODATA            Offs=000778  Size=0003A6  Align=00001  Fill=0000
    BSS               Offs=000103  Size=0000DC  Align=00001  Fill=0000
    DATA              Offs=000003  Size=0000D6  Align=00001  Fill=0000
c64-soft80.o:
E:\dev\github\cityxen\retro-dev-tools\bin-win\cc65\lib/c64.lib(_afailed.o):
    CODE              Offs=0052D7  Size=000032  Align=00001  Fill=0000
    RODATA            Offs=000B1E  Size=00001B  Align=00001  Fill=0000
E:\dev\github\cityxen\retro-dev-tools\bin-win\cc65\lib/c64.lib(_cursor.o):
    BSS               Offs=0001DF  Size=000001  Align=00001  Fill=0000
E:\dev\github\cityxen\retro-dev-tools\bin-win\cc65\lib/c64.lib(_directerrno.o):
    CODE              Offs=005309  Size=00000A  Align=00001  Fill=0000
E:\dev\github\cityxen\retro-dev-tools\bin-win\cc65\lib/c64.lib(_file.o):
    DATA              Offs=0000D9  Size=00001E  Align=00001  Fill=0000
E:\dev\github\cityxen\retro-dev-tools\bin-win\cc65\lib/c64.lib(_heap.o):
    DATA              Offs=0000F7  Size=00000A  Align=00001  Fill=0000
    ONCE              Offs=000000  Size=000010  Align=00001  Fill=0000
E:\dev\github\cityxen\retro-dev-tools\bin-win\cc65\lib/c64.lib(_heapadd.o):
    CODE              Offs=005313  Size=000021  Align=00001  Fill=0000
E:\dev\github\cityxen\retro-dev-tools\bin-win\cc65\lib/c64.lib(_heapmemavail.o):
    CODE              Offs=005334  Size=00004E  Align=00001  Fill=0000
E:\dev\github\cityxen\retro-dev-tools\bin-win\cc65\lib/c64.lib(_hextab.o):
    RODATA            Offs=000B39  Size=000010  Align=00001  Fill=0000
E:\dev\github\cityxen\retro-dev-tools\bin-win\cc65\lib/c64.lib(_longminstr.o):
    RODATA            Offs=000B49  Size=00000C  Align=00001  Fill=0000
E:\dev\github\cityxen\retro-dev-tools\bin-win\cc65\lib/c64.lib(_mappederrno.o):
    CODE              Offs=005382  Size=000010  Align=00001  Fill=0000
E:\dev\github\cityxen\retro-dev-tools\bin-win\cc65\lib/c64.lib(_oserror.o):
    BSS               Offs=0001E0  Size=000001  Align=00001  Fill=0000
E:\dev\github\cityxen\retro-dev-tools\bin-win\cc65\lib/c64.lib(_printf.o):
    CODE              Offs=005392  Size=0003A5  Align=00001  Fill=0000
    BSS               Offs=0001E1  Size=00002B  Align=00001  Fill=0000
    DATA              Offs=000101  Size=000003  Align=00001  Fill=0000
E:\dev\github\cityxen\retro-dev-tools\bin-win\cc65\lib/c64.lib(_seterrno.o):
    CODE              Offs=005737  Size=000009  Align=00001  Fill=0000
E:\dev\github\cityxen\retro-dev-tools\bin-win\cc65\lib/c64.lib(add.o):
    CODE              Offs=005740  Size=00001C  Align=00001  Fill=0000
E:\dev\github\cityxen\retro-dev-tools\bin-win\cc65\lib/c64.lib(addeqsp.o):
    CODE              Offs=00575C  Size=000011  Align=00001  Fill=0000
E:\dev\github\cityxen\retro-dev-tools\bin-win\cc65\lib/c64.lib(addysp.o):
    CODE              Offs=00576D  Size=00000E  Align=00001  Fill=0000
E:\dev\github\cityxen\retro-dev-tools\bin-win\cc65\lib/c64.lib(aslax1.o):
    CODE              Offs=00577B  Size=000008  Align=00001  Fill=0000
E:\dev\github\cityxen\retro-dev-tools\bin-win\cc65\lib/c64.lib(aslax2.o):
    CODE              Offs=005783  Size=00000B  Align=00001  Fill=0000
E:\dev\github\cityxen\retro-dev-tools\bin-win\cc65\lib/c64.lib(atoi.o):
    CODE              Offs=00578E  Size=000091  Align=00001  Fill=0000
E:\dev\github\cityxen\retro-dev-tools\bin-win\cc65\lib/c64.lib(axlong.o):
    CODE              Offs=00581F  Size=00000D  Align=00001  Fill=0000
E:\dev\github\cityxen\retro-dev-tools\bin-win\cc65\lib/c64.lib(bneg.o):
    CODE              Offs=00582C  Size=00000E  Align=00001  Fill=0000
E:\dev\github\cityxen\retro-dev-tools\bin-win\cc65\lib/c64.lib(bordercolor.o):
    CODE              Offs=00583A  Size=000008  Align=00001  Fill=0000
E:\dev\github\cityxen\retro-dev-tools\bin-win\cc65\lib/c64.lib(c_basin.o):
    CODE              Offs=005842  Size=000006  Align=00001  Fill=0000
E:\dev\github\cityxen\retro-dev-tools\bin-win\cc65\lib/c64.lib(c_chkin.o):
    CODE              Offs=005848  Size=00000A  Align=00001  Fill=0000
E:\dev\github\cityxen\retro-dev-tools\bin-win\cc65\lib/c64.lib(c_close.o):
    CODE              Offs=005852  Size=000004  Align=00001  Fill=0000
E:\dev\github\cityxen\retro-dev-tools\bin-win\cc65\lib/c64.lib(c_clrch.o):
E:\dev\github\cityxen\retro-dev-tools\bin-win\cc65\lib/c64.lib(c_open.o):
    CODE              Offs=005856  Size=000009  Align=00001  Fill=0000
E:\dev\github\cityxen\retro-dev-tools\bin-win\cc65\lib/c64.lib(c_readst.o):
    CODE              Offs=00585F  Size=000005  Align=00001  Fill=0000
E:\dev\github\cityxen\retro-dev-tools\bin-win\cc65\lib/c64.lib(c_setlfs.o):
    CODE              Offs=005864  Size=00000E  Align=00001  Fill=0000
E:\dev\github\cityxen\retro-dev-tools\bin-win\cc65\lib/c64.lib(c_setnam.o):
    CODE              Offs=005872  Size=000013  Align=00001  Fill=0000
E:\dev\github\cityxen\retro-dev-tools\bin-win\cc65\lib/c64.lib(callmain.o):
    CODE              Offs=005885  Size=000017  Align=00001  Fill=0000
    DATA              Offs=000104  Size=000004  Align=00001  Fill=0000
E:\dev\github\cityxen\retro-dev-tools\bin-win\cc65\lib/c64.lib(calloc.o):
    CODE              Offs=00589C  Size=000021  Align=00001  Fill=0000
    BSS               Offs=00020C  Size=000002  Align=00001  Fill=0000
E:\dev\github\cityxen\retro-dev-tools\bin-win\cc65\lib/c64.lib(cbm_close.o):
E:\dev\github\cityxen\retro-dev-tools\bin-win\cc65\lib/c64.lib(cbm_dir.o):
    CODE              Offs=0058BD  Size=00028B  Align=00001  Fill=0000
    RODATA            Offs=000B55  Size=00000C  Align=00001  Fill=0000
E:\dev\github\cityxen\retro-dev-tools\bin-win\cc65\lib/c64.lib(cbm_filetype.o):
    CODE              Offs=005B48  Size=000013  Align=00001  Fill=0000
    RODATA            Offs=000B61  Size=000014  Align=00001  Fill=0000
E:\dev\github\cityxen\retro-dev-tools\bin-win\cc65\lib/c64.lib(cbm_open.o):
    CODE              Offs=005B5B  Size=000010  Align=00001  Fill=0000
E:\dev\github\cityxen\retro-dev-tools\bin-win\cc65\lib/c64.lib(cbm_read.o):
    CODE              Offs=005B6B  Size=00005B  Align=00001  Fill=0000
E:\dev\github\cityxen\retro-dev-tools\bin-win\cc65\lib/c64.lib(cbm_write.o):
    CODE              Offs=005BC6  Size=00004A  Align=00001  Fill=0000
E:\dev\github\cityxen\retro-dev-tools\bin-win\cc65\lib/c64.lib(cclear.o):
    CODE              Offs=005C10  Size=000015  Align=00001  Fill=0000
E:\dev\github\cityxen\retro-dev-tools\bin-win\cc65\lib/c64.lib(chline.o):
    CODE              Offs=005C25  Size=000015  Align=00001  Fill=0000
E:\dev\github\cityxen\retro-dev-tools\bin-win\cc65\lib/c64.lib(condes.o):
    CODE              Offs=005C3A  Size=00000C  Align=00001  Fill=0000
    DATA              Offs=000108  Size=000025  Align=00001  Fill=0000
    ONCE              Offs=000010  Size=00000C  Align=00001  Fill=0000
E:\dev\github\cityxen\retro-dev-tools\bin-win\cc65\lib/c64.lib(conio.o):
E:\dev\github\cityxen\retro-dev-tools\bin-win\cc65\lib/c64.lib(cprintf.o):
    CODE              Offs=005C46  Size=00002A  Align=00001  Fill=0000
    BSS               Offs=00020E  Size=000001  Align=00001  Fill=0000
E:\dev\github\cityxen\retro-dev-tools\bin-win\cc65\lib/c64.lib(cputhex.o):
    CODE              Offs=005C70  Size=00001C  Align=00001  Fill=0000
E:\dev\github\cityxen\retro-dev-tools\bin-win\cc65\lib/c64.lib(cputs.o):
    CODE              Offs=005C8C  Size=000023  Align=00001  Fill=0000
E:\dev\github\cityxen\retro-dev-tools\bin-win\cc65\lib/c64.lib(crt0.o):
    STARTUP           Offs=000000  Size=000033  Align=00001  Fill=0000
    ONCE              Offs=00001C  Size=00001A  Align=00001  Fill=0000
    INIT              Offs=000000  Size=00001C  Align=00001  Fill=0000
E:\dev\github\cityxen\retro-dev-tools\bin-win\cc65\lib/c64.lib(ctype.o):
    RODATA            Offs=000B75  Size=00008B  Align=00001  Fill=0000
E:\dev\github\cityxen\retro-dev-tools\bin-win\cc65\lib/c64.lib(ctypemask.o):
    CODE              Offs=005CAF  Size=00001E  Align=00001  Fill=0000
E:\dev\github\cityxen\retro-dev-tools\bin-win\cc65\lib/c64.lib(cursor.o):
    CODE              Offs=005CCD  Size=00000A  Align=00001  Fill=0000
E:\dev\github\cityxen\retro-dev-tools\bin-win\cc65\lib/c64.lib(cvline.o):
    CODE              Offs=005CD7  Size=000018  Align=00001  Fill=0000
E:\dev\github\cityxen\retro-dev-tools\bin-win\cc65\lib/c64.lib(decax1.o):
    CODE              Offs=005CEF  Size=000007  Align=00001  Fill=0000
E:\dev\github\cityxen\retro-dev-tools\bin-win\cc65\lib/c64.lib(decax2.o):
    CODE              Offs=005CF6  Size=000007  Align=00001  Fill=0000
E:\dev\github\cityxen\retro-dev-tools\bin-win\cc65\lib/c64.lib(decax3.o):
    CODE              Offs=005CFD  Size=000007  Align=00001  Fill=0000
E:\dev\github\cityxen\retro-dev-tools\bin-win\cc65\lib/c64.lib(decax4.o):
    CODE              Offs=005D04  Size=000007  Align=00001  Fill=0000
E:\dev\github\cityxen\retro-dev-tools\bin-win\cc65\lib/c64.lib(decaxy.o):
    CODE              Offs=005D0B  Size=000009  Align=00001  Fill=0000
E:\dev\github\cityxen\retro-dev-tools\bin-win\cc65\lib/c64.lib(decsp1.o):
    CODE              Offs=005D14  Size=000009  Align=00001  Fill=0000
E:\dev\github\cityxen\retro-dev-tools\bin-win\cc65\lib/c64.lib(decsp2.o):
    CODE              Offs=005D1D  Size=00000D  Align=00001  Fill=0000
E:\dev\github\cityxen\retro-dev-tools\bin-win\cc65\lib/c64.lib(decsp4.o):
    CODE              Offs=005D2A  Size=00000D  Align=00001  Fill=0000
E:\dev\github\cityxen\retro-dev-tools\bin-win\cc65\lib/c64.lib(decsp6.o):
    CODE              Offs=005D37  Size=00000D  Align=00001  Fill=0000
E:\dev\github\cityxen\retro-dev-tools\bin-win\cc65\lib/c64.lib(decsp8.o):
    CODE              Offs=005D44  Size=00000D  Align=00001  Fill=0000
E:\dev\github\cityxen\retro-dev-tools\bin-win\cc65\lib/c64.lib(div.o):
    CODE              Offs=005D51  Size=000015  Align=00001  Fill=0000
E:\dev\github\cityxen\retro-dev-tools\bin-win\cc65\lib/c64.lib(enter.o):
    CODE              Offs=005D66  Size=00000E  Align=00001  Fill=0000
E:\dev\github\cityxen\retro-dev-tools\bin-win\cc65\lib/c64.lib(errno.o):
    BSS               Offs=00020F  Size=000002  Align=00001  Fill=0000
E:\dev\github\cityxen\retro-dev-tools\bin-win\cc65\lib/c64.lib(exehdr.o):
    EXEHDR            Offs=000000  Size=00000C  Align=00001  Fill=0000
E:\dev\github\cityxen\retro-dev-tools\bin-win\cc65\lib/c64.lib(filedes.o):
    CODE              Offs=005D74  Size=00000E  Align=00001  Fill=0000
    DATA              Offs=00012D  Size=000010  Align=00001  Fill=0000
E:\dev\github\cityxen\retro-dev-tools\bin-win\cc65\lib/c64.lib(fprintf.o):
    CODE              Offs=005D82  Size=00002B  Align=00001  Fill=0000
    BSS               Offs=000211  Size=000001  Align=00001  Fill=0000
E:\dev\github\cityxen\retro-dev-tools\bin-win\cc65\lib/c64.lib(free.o):
    CODE              Offs=005DAD  Size=0001D3  Align=00001  Fill=0000
E:\dev\github\cityxen\retro-dev-tools\bin-win\cc65\lib/c64.lib(fwrite.o):
    CODE              Offs=005F80  Size=00007B  Align=00001  Fill=0000
    BSS               Offs=000212  Size=000002  Align=00001  Fill=0000
E:\dev\github\cityxen\retro-dev-tools\bin-win\cc65\lib/c64.lib(gotoxy.o):
    CODE              Offs=005FFB  Size=00000D  Align=00001  Fill=0000
E:\dev\github\cityxen\retro-dev-tools\bin-win\cc65\lib/c64.lib(icmp.o):
    CODE              Offs=006008  Size=00002E  Align=00001  Fill=0000
E:\dev\github\cityxen\retro-dev-tools\bin-win\cc65\lib/c64.lib(incax1.o):
    CODE              Offs=006036  Size=000007  Align=00001  Fill=0000
E:\dev\github\cityxen\retro-dev-tools\bin-win\cc65\lib/c64.lib(incax2.o):
    CODE              Offs=00603D  Size=000007  Align=00001  Fill=0000
E:\dev\github\cityxen\retro-dev-tools\bin-win\cc65\lib/c64.lib(incax3.o):
    CODE              Offs=006044  Size=000005  Align=00001  Fill=0000
E:\dev\github\cityxen\retro-dev-tools\bin-win\cc65\lib/c64.lib(incax5.o):
    CODE              Offs=006049  Size=000005  Align=00001  Fill=0000
E:\dev\github\cityxen\retro-dev-tools\bin-win\cc65\lib/c64.lib(incax6.o):
    CODE              Offs=00604E  Size=000005  Align=00001  Fill=0000
E:\dev\github\cityxen\retro-dev-tools\bin-win\cc65\lib/c64.lib(incax7.o):
    CODE              Offs=006053  Size=000005  Align=00001  Fill=0000
E:\dev\github\cityxen\retro-dev-tools\bin-win\cc65\lib/c64.lib(incaxy.o):
    CODE              Offs=006058  Size=00000B  Align=00001  Fill=0000
E:\dev\github\cityxen\retro-dev-tools\bin-win\cc65\lib/c64.lib(incsp1.o):
    CODE              Offs=006063  Size=000007  Align=00001  Fill=0000
E:\dev\github\cityxen\retro-dev-tools\bin-win\cc65\lib/c64.lib(incsp2.o):
    CODE              Offs=00606A  Size=000016  Align=00001  Fill=0000
E:\dev\github\cityxen\retro-dev-tools\bin-win\cc65\lib/c64.lib(incsp3.o):
    CODE              Offs=006080  Size=000005  Align=00001  Fill=0000
E:\dev\github\cityxen\retro-dev-tools\bin-win\cc65\lib/c64.lib(incsp4.o):
    CODE              Offs=006085  Size=000005  Align=00001  Fill=0000
E:\dev\github\cityxen\retro-dev-tools\bin-win\cc65\lib/c64.lib(incsp5.o):
    CODE              Offs=00608A  Size=000005  Align=00001  Fill=0000
E:\dev\github\cityxen\retro-dev-tools\bin-win\cc65\lib/c64.lib(incsp6.o):
    CODE              Offs=00608F  Size=000005  Align=00001  Fill=0000
E:\dev\github\cityxen\retro-dev-tools\bin-win\cc65\lib/c64.lib(incsp7.o):
    CODE              Offs=006094  Size=000005  Align=00001  Fill=0000
E:\dev\github\cityxen\retro-dev-tools\bin-win\cc65\lib/c64.lib(incsp8.o):
    CODE              Offs=006099  Size=000005  Align=00001  Fill=0000
E:\dev\github\cityxen\retro-dev-tools\bin-win\cc65\lib/c64.lib(isprint.o):
    CODE              Offs=00609E  Size=00000A  Align=00001  Fill=0000
E:\dev\github\cityxen\retro-dev-tools\bin-win\cc65\lib/c64.lib(jmpvec.o):
    DATA              Offs=00013D  Size=000003  Align=00001  Fill=0000
E:\dev\github\cityxen\retro-dev-tools\bin-win\cc65\lib/c64.lib(kbhit.o):
    CODE              Offs=0060A8  Size=000009  Align=00001  Fill=0000
E:\dev\github\cityxen\retro-dev-tools\bin-win\cc65\lib/c64.lib(kernal.o):
E:\dev\github\cityxen\retro-dev-tools\bin-win\cc65\lib/c64.lib(laddeqsp.o):
    CODE              Offs=0060B1  Size=000023  Align=00001  Fill=0000
E:\dev\github\cityxen\retro-dev-tools\bin-win\cc65\lib/c64.lib(ldaxi.o):
    CODE              Offs=0060D4  Size=00000D  Align=00001  Fill=0000
E:\dev\github\cityxen\retro-dev-tools\bin-win\cc65\lib/c64.lib(ldaxsp.o):
    CODE              Offs=0060E1  Size=000009  Align=00001  Fill=0000
E:\dev\github\cityxen\retro-dev-tools\bin-win\cc65\lib/c64.lib(ldeaxysp.o):
    CODE              Offs=0060EA  Size=000013  Align=00001  Fill=0000
E:\dev\github\cityxen\retro-dev-tools\bin-win\cc65\lib/c64.lib(leaaxsp.o):
    CODE              Offs=0060FD  Size=00000C  Align=00001  Fill=0000
E:\dev\github\cityxen\retro-dev-tools\bin-win\cc65\lib/c64.lib(leave.o):
    CODE              Offs=006109  Size=00001D  Align=00001  Fill=0000
E:\dev\github\cityxen\retro-dev-tools\bin-win\cc65\lib/c64.lib(lneg.o):
    CODE              Offs=006126  Size=00001E  Align=00001  Fill=0000
E:\dev\github\cityxen\retro-dev-tools\bin-win\cc65\lib/c64.lib(loadaddr.o):
    LOADADDR          Offs=000000  Size=000002  Align=00001  Fill=0000
E:\dev\github\cityxen\retro-dev-tools\bin-win\cc65\lib/c64.lib(lpush.o):
    CODE              Offs=006144  Size=000021  Align=00001  Fill=0000
E:\dev\github\cityxen\retro-dev-tools\bin-win\cc65\lib/c64.lib(ltoa.o):
    CODE              Offs=006165  Size=000095  Align=00001  Fill=0000
E:\dev\github\cityxen\retro-dev-tools\bin-win\cc65\lib/c64.lib(makebool.o):
    CODE              Offs=0061FA  Size=00002C  Align=00001  Fill=0000
E:\dev\github\cityxen\retro-dev-tools\bin-win\cc65\lib/c64.lib(malloc.o):
    CODE              Offs=006226  Size=00010E  Align=00001  Fill=0000
E:\dev\github\cityxen\retro-dev-tools\bin-win\cc65\lib/c64.lib(memcpy.o):
    CODE              Offs=006334  Size=00003C  Align=00001  Fill=0000
E:\dev\github\cityxen\retro-dev-tools\bin-win\cc65\lib/c64.lib(memset.o):
    CODE              Offs=006370  Size=00005D  Align=00001  Fill=0000
E:\dev\github\cityxen\retro-dev-tools\bin-win\cc65\lib/c64.lib(mod.o):
    CODE              Offs=0063CD  Size=000011  Align=00001  Fill=0000
E:\dev\github\cityxen\retro-dev-tools\bin-win\cc65\lib/c64.lib(mul.o):
    CODE              Offs=0063DE  Size=000045  Align=00001  Fill=0000
E:\dev\github\cityxen\retro-dev-tools\bin-win\cc65\lib/c64.lib(mul8.o):
    CODE              Offs=006423  Size=00003A  Align=00001  Fill=0000
E:\dev\github\cityxen\retro-dev-tools\bin-win\cc65\lib/c64.lib(mulax10.o):
    CODE              Offs=00645D  Size=000019  Align=00001  Fill=0000
E:\dev\github\cityxen\retro-dev-tools\bin-win\cc65\lib/c64.lib(negabs.o):
    CODE              Offs=006476  Size=000012  Align=00001  Fill=0000
E:\dev\github\cityxen\retro-dev-tools\bin-win\cc65\lib/c64.lib(or.o):
    CODE              Offs=006488  Size=000012  Align=00001  Fill=0000
E:\dev\github\cityxen\retro-dev-tools\bin-win\cc65\lib/c64.lib(oserror.o):
    CODE              Offs=00649A  Size=000016  Align=00001  Fill=0000
    RODATA            Offs=000C00  Size=00005A  Align=00001  Fill=0000
E:\dev\github\cityxen\retro-dev-tools\bin-win\cc65\lib/c64.lib(popa.o):
    CODE              Offs=0064B0  Size=00000C  Align=00001  Fill=0000
E:\dev\github\cityxen\retro-dev-tools\bin-win\cc65\lib/c64.lib(popptr1.o):
    CODE              Offs=0064BC  Size=00000E  Align=00001  Fill=0000
E:\dev\github\cityxen\retro-dev-tools\bin-win\cc65\lib/c64.lib(push1.o):
    CODE              Offs=0064CA  Size=000005  Align=00001  Fill=0000
E:\dev\github\cityxen\retro-dev-tools\bin-win\cc65\lib/c64.lib(pusha.o):
    CODE              Offs=0064CF  Size=000016  Align=00001  Fill=0000
E:\dev\github\cityxen\retro-dev-tools\bin-win\cc65\lib/c64.lib(pushax.o):
    CODE              Offs=0064E5  Size=00001A  Align=00001  Fill=0000
E:\dev\github\cityxen\retro-dev-tools\bin-win\cc65\lib/c64.lib(pushw.o):
    CODE              Offs=0064FF  Size=00000F  Align=00001  Fill=0000
E:\dev\github\cityxen\retro-dev-tools\bin-win\cc65\lib/c64.lib(pushwsp.o):
    CODE              Offs=00650E  Size=00001C  Align=00001  Fill=0000
E:\dev\github\cityxen\retro-dev-tools\bin-win\cc65\lib/c64.lib(raise.o):
    CODE              Offs=00652A  Size=00002B  Align=00001  Fill=0000
E:\dev\github\cityxen\retro-dev-tools\bin-win\cc65\lib/c64.lib(regswap2.o):
    CODE              Offs=006555  Size=000016  Align=00001  Fill=0000
E:\dev\github\cityxen\retro-dev-tools\bin-win\cc65\lib/c64.lib(return1.o):
    CODE              Offs=00656B  Size=000005  Align=00001  Fill=0000
E:\dev\github\cityxen\retro-dev-tools\bin-win\cc65\lib/c64.lib(revers.o):
    CODE              Offs=006570  Size=000014  Align=00001  Fill=0000
E:\dev\github\cityxen\retro-dev-tools\bin-win\cc65\lib/c64.lib(rwcommon.o):
    CODE              Offs=006584  Size=00001A  Align=00001  Fill=0000
E:\dev\github\cityxen\retro-dev-tools\bin-win\cc65\lib/c64.lib(shelp.o):
    CODE              Offs=00659E  Size=000020  Align=00001  Fill=0000
E:\dev\github\cityxen\retro-dev-tools\bin-win\cc65\lib/c64.lib(signal.o):
    CODE              Offs=0065BE  Size=000030  Align=00001  Fill=0000
E:\dev\github\cityxen\retro-dev-tools\bin-win\cc65\lib/c64.lib(sigtable.o):
    DATA              Offs=000140  Size=00000C  Align=00001  Fill=0000
E:\dev\github\cityxen\retro-dev-tools\bin-win\cc65\lib/c64.lib(soft80_cgetc.o):
    CODE              Offs=0065EE  Size=000049  Align=00001  Fill=0000
    RODATA            Offs=000C5A  Size=000002  Align=00001  Fill=0000
E:\dev\github\cityxen\retro-dev-tools\bin-win\cc65\lib/c64.lib(soft80_charset.o):
    ONCE              Offs=000036  Size=000400  Align=00001  Fill=0000
E:\dev\github\cityxen\retro-dev-tools\bin-win\cc65\lib/c64.lib(soft80_color.o):
    CODE              Offs=006637  Size=0000AC  Align=00001  Fill=0000
E:\dev\github\cityxen\retro-dev-tools\bin-win\cc65\lib/c64.lib(soft80_conio.o):
    CODE              Offs=0066E3  Size=000041  Align=00001  Fill=0000
    DATA              Offs=00014C  Size=000001  Align=00001  Fill=0000
    ONCE              Offs=000436  Size=000158  Align=00001  Fill=0000
    INIT              Offs=00001C  Size=000003  Align=00001  Fill=0000
E:\dev\github\cityxen\retro-dev-tools\bin-win\cc65\lib/c64.lib(soft80_cpeekc.o):
    CODE              Offs=006724  Size=0001BE  Align=00001  Fill=0000
E:\dev\github\cityxen\retro-dev-tools\bin-win\cc65\lib/c64.lib(soft80_cpeekcolor.o):
    CODE              Offs=0068E2  Size=000009  Align=00001  Fill=0000
E:\dev\github\cityxen\retro-dev-tools\bin-win\cc65\lib/c64.lib(soft80_cpeekrevers.o):
    CODE              Offs=0068EB  Size=000007  Align=00001  Fill=0000
E:\dev\github\cityxen\retro-dev-tools\bin-win\cc65\lib/c64.lib(soft80_cpeeks.o):
    CODE              Offs=0068F2  Size=00004D  Align=00001  Fill=0000
E:\dev\github\cityxen\retro-dev-tools\bin-win\cc65\lib/c64.lib(soft80_cputc.o):
    CODE              Offs=00693F  Size=0003F8  Align=00001  Fill=0000
E:\dev\github\cityxen\retro-dev-tools\bin-win\cc65\lib/c64.lib(soft80_kclrscr.o):
    CODE              Offs=006D37  Size=000051  Align=00001  Fill=0000
E:\dev\github\cityxen\retro-dev-tools\bin-win\cc65\lib/c64.lib(soft80_kplot.o):
    CODE              Offs=006D88  Size=00003D  Align=00001  Fill=0000
E:\dev\github\cityxen\retro-dev-tools\bin-win\cc65\lib/c64.lib(soft80_scrsize.o):
    CODE              Offs=006DC5  Size=000005  Align=00001  Fill=0000
E:\dev\github\cityxen\retro-dev-tools\bin-win\cc65\lib/c64.lib(sprintf.o):
    CODE              Offs=006DCA  Size=00002B  Align=00001  Fill=0000
    BSS               Offs=000214  Size=000001  Align=00001  Fill=0000
E:\dev\github\cityxen\retro-dev-tools\bin-win\cc65\lib/c64.lib(staspidx.o):
    CODE              Offs=006DF5  Size=000016  Align=00001  Fill=0000
E:\dev\github\cityxen\retro-dev-tools\bin-win\cc65\lib/c64.lib(status.o):
E:\dev\github\cityxen\retro-dev-tools\bin-win\cc65\lib/c64.lib(staxsp.o):
    CODE              Offs=006E0B  Size=00000B  Align=00001  Fill=0000
E:\dev\github\cityxen\retro-dev-tools\bin-win\cc65\lib/c64.lib(staxspi.o):
    CODE              Offs=006E16  Size=00001B  Align=00001  Fill=0000
E:\dev\github\cityxen\retro-dev-tools\bin-win\cc65\lib/c64.lib(strcmp.o):
    CODE              Offs=006E31  Size=000021  Align=00001  Fill=0000
E:\dev\github\cityxen\retro-dev-tools\bin-win\cc65\lib/c64.lib(strcpy.o):
    CODE              Offs=006E52  Size=00001F  Align=00001  Fill=0000
E:\dev\github\cityxen\retro-dev-tools\bin-win\cc65\lib/c64.lib(strlen.o):
    CODE              Offs=006E71  Size=000016  Align=00001  Fill=0000
E:\dev\github\cityxen\retro-dev-tools\bin-win\cc65\lib/c64.lib(strlower.o):
    CODE              Offs=006E87  Size=000027  Align=00001  Fill=0000
E:\dev\github\cityxen\retro-dev-tools\bin-win\cc65\lib/c64.lib(strncmp.o):
    CODE              Offs=006EAE  Size=000039  Align=00001  Fill=0000
E:\dev\github\cityxen\retro-dev-tools\bin-win\cc65\lib/c64.lib(strstr.o):
    CODE              Offs=006EE7  Size=000052  Align=00001  Fill=0000
E:\dev\github\cityxen\retro-dev-tools\bin-win\cc65\lib/c64.lib(sub.o):
    CODE              Offs=006F39  Size=000015  Align=00001  Fill=0000
E:\dev\github\cityxen\retro-dev-tools\bin-win\cc65\lib/c64.lib(subeqsp.o):
    CODE              Offs=006F4E  Size=000015  Align=00001  Fill=0000
E:\dev\github\cityxen\retro-dev-tools\bin-win\cc65\lib/c64.lib(subysp.o):
    CODE              Offs=006F63  Size=00000D  Align=00001  Fill=0000
E:\dev\github\cityxen\retro-dev-tools\bin-win\cc65\lib/c64.lib(udiv.o):
    CODE              Offs=006F70  Size=00004F  Align=00001  Fill=0000
E:\dev\github\cityxen\retro-dev-tools\bin-win\cc65\lib/c64.lib(vcprintf.o):
    CODE              Offs=006FBF  Size=000078  Align=00001  Fill=0000
    DATA              Offs=00014D  Size=000008  Align=00001  Fill=0000
E:\dev\github\cityxen\retro-dev-tools\bin-win\cc65\lib/c64.lib(vfprintf.o):
    CODE              Offs=007037  Size=000061  Align=00001  Fill=0000
    DATA              Offs=000155  Size=000008  Align=00001  Fill=0000
E:\dev\github\cityxen\retro-dev-tools\bin-win\cc65\lib/c64.lib(vsnprintf.o):
    CODE              Offs=007098  Size=0000DA  Align=00001  Fill=0000
    DATA              Offs=00015D  Size=000008  Align=00001  Fill=0000
E:\dev\github\cityxen\retro-dev-tools\bin-win\cc65\lib/c64.lib(vsprintf.o):
    CODE              Offs=007172  Size=000012  Align=00001  Fill=0000
E:\dev\github\cityxen\retro-dev-tools\bin-win\cc65\lib/c64.lib(wherex.o):
    CODE              Offs=007184  Size=000005  Align=00001  Fill=0000
E:\dev\github\cityxen\retro-dev-tools\bin-win\cc65\lib/c64.lib(wherey.o):
    CODE              Offs=007189  Size=000005  Align=00001  Fill=0000
E:\dev\github\cityxen\retro-dev-tools\bin-win\cc65\lib/c64.lib(write.o):
    CODE              Offs=00718E  Size=000052  Align=00001  Fill=0000
    ONCE              Offs=00058E  Size=000011  Align=00001  Fill=0000
E:\dev\github\cityxen\retro-dev-tools\bin-win\cc65\lib/c64.lib(zerobss.o):
    CODE              Offs=0071E0  Size=000023  Align=00001  Fill=0000
E:\dev\github\cityxen\retro-dev-tools\bin-win\cc65\lib/c64.lib(zeropage.o):
    ZEROPAGE          Offs=000000  Size=00001A  Align=00001  Fill=0000


Segment list:
-------------
Name                   Start     End    Size  Align
----------------------------------------------------
ZEROPAGE              000002  00001B  00001A  00001
LOADADDR              0007FF  000800  000002  00001
EXEHDR                000801  00080C  00000C  00001
STARTUP               00080D  00083F  000033  00001
CODE                  000840  007A42  007203  00001
RODATA                007A43  0086A0  000C5E  00001
DATA                  0086A1  008805  000165  00001
INIT                  008806  008824  00001F  00001
BSS                   008825  008A39  000215  00001
ONCE                  008825  008DC9  0005A5  00001


Exports list by name:
---------------------
BASIN                     00FFCF RLA    BSOUT                     00FFD2 RLA    
CHKIN                     00FFC6 RLA    CKOUT                     00FFC9 RLA    
CLOSE                     00FFC3 RLA    CLRCH                     00FFCC RLA    
CURS_X                    0000D3 RLZ    CURS_Y                    0000D6 RLZ    
OPEN                      00FFC0 RLA    READST                    00FFB7 RLA    
SETLFS                    00FFBA RLA    SETNAM                    00FFBD RLA    
ST                        000090 RLZ    _DIR1H                    008928 RLA    
_DIR2H                    008929 RLA    __BSS_RUN__               008825 RLA    
__BSS_SIZE__              000215 REA    __CONSTRUCTOR_COUNT__     000003 REA    
__CONSTRUCTOR_TABLE__     008DC4 RLA    __DESTRUCTOR_COUNT__      000001 REA    
__DESTRUCTOR_TABLE__      00869F RLA    __EXEHDR__                000001 REA    
__HEADER_LAST__           00080D RLA    __HIMEM__                 00C830 REA    
__LOADADDR__              000001 REA    __MAIN_SIZE__             00C023 REA    
__MAIN_START__            00080D RLA    __ONCE_RUN__              008825 RLA    
__STACKSIZE__             000800 REA    __STARTUP__               000001 REA    
__afailed                 005B17 RLA    __bzero                   006BB0 RLA    
__cbm_filetype            006388 RLA    __ctype                   0085B8 RLA    
__ctypeidx                0085C3 RLA    __directerrno             005B49 RLA    
__errno                   008A34 RLA    __heapadd                 005B53 RLA    
__heapend                 00879C RLA    __heapfirst               00879E RLA    
__heaplast                0087A0 RLA    __heapmemavail            005B74 RLA    
__heapptr                 00879A RLA    __hextab                  00857C RLA    
__longminstr              00858C RLA    __mappederrno             005BC2 RLA    
__oserror                 008A05 RLA    __osmaperrno              006CDA RLA    
__printf                  005CC5 RLA    __seterrno                005F77 RLA    
__sig_dfl                 006E2D RLA    _about                    004A44 RLA    
_atoi                     005FCE RLA    _bgcolor                  006E8E RLA    
_bordercolor              00607A RLA    _calloc                   0060DC RLA    
_catasc                   003CC1 RLA    _cathex                   003B0E RLA    
_cbm_close                006092 REA    _cbm_closedir             00637B RLA    
_cbm_k_basin              006082 RLA    _cbm_k_chkin              006088 RLA    
_cbm_k_close              006092 RLA    _cbm_k_clrch              00FFCC REA    
_cbm_k_open               006096 RLA    _cbm_k_readst             00609F RLA    
_cbm_k_setlfs             0060A4 RLA    _cbm_k_setnam             0060B2 RLA    
_cbm_open                 00639B RLA    _cbm_opendir              0060FD RLA    
_cbm_read                 0063AB RLA    _cbm_write                006406 RLA    
_cclear                   006455 RLA    _cclearxy                 006450 RLA    
_cgetc                    006E2E RLA    _changeDeviceID           0052D3 RLA    
_changeDir                005037 RLA    _chline                   00646A RLA    
_clearArea                0038F0 RLA    _clrscr                   007577 RLA    
_cmd                      00497A RLA    _cprintf                  006486 RLA    
_cputc                    007184 RLA    _cputcxy                  00717F RLA    
_cputhex16                0064B0 RLA    _cputhex8                 0064B6 RLA    
_cputs                    0064D6 RLA    _cputsxy                  0064CC RLA    
_cursor                   00650D RLA    _cvlinexy                 006517 RLA    
_debugu                   0059BC RLA    _devices                  0086AA RLA    
_devicetype               00892A RLA    _dirs                     0086A6 RLA    
_doDOScommand             0058AE RLA    _drawDirFrame             00543A RLA    
_drawFrame                0039DD RLA    _drivetype                0086AC RLA    
_execute                  004999 RLA    _exit                     000825 RLA    
_exitScreen               003AF9 RLA    _fileTypeToStr            004EED RLA    
_fprintf                  0065C2 RLA    _free                     0065ED RLA    
_freeDir                  003E65 RLA    _fwrite                   0067C0 RLA    
_getDeviceType            005539 RLA    _gotoxy                   00683E RLA    
_initDirWindowHeight      005628 RLA    _initScreen               003AD2 RLA    
_isprint                  0068DE RLA    _kbhit                    0068E8 RLA    
_linebuffer               008936 RLA    _linebuffer2              008987 RLA    
_ltoa                     0069BD RLA    _main                     0059EC RLA    
_mainLoop                 000A82 RLA    _malloc                   006A66 RLA    
_memcpy                   006B74 RLA    _memset                   006BB8 RLA    
_newscreen                003938 RLA    _printDir                 004C05 RLA    
_printElement             004DEF RLA    _raise                    006D6A RLA    
_readDir                  003F3B RLA    _refreshDir               004B81 RLA    
_revers                   006DB0 RLA    _showDir                  004B1C RLA    
_sprintf                  00760A RLA    _stderr                   008796 RLA    
_strcmp                   007671 RLA    _strcpy                   007692 RLA    
_strlen                   0076B1 RLA    _strlower                 0076C7 RLA    
_strncmp                  0076EE RLA    _strstr                   007727 RLA    
_textInput                005631 RLA    _textcolor                006E77 RLA    
_ultoa                    0069FE RLA    _updateMenu               000840 RLA    
_updateScreen             004A09 RLA    _vcprintf                 007847 RLA    
_vfprintf                 0078AF RLA    _vsprintf                 0079B2 RLA    
_waitKey                  004949 RLA    _wherex                   0079C4 RLA    
_wherey                   0079C9 RLA    _write                    0079CE RLA    
addeq0sp                  005F9C RLA    addeqysp                  005F9E RLA    
addysp                    005FAE RLA    addysp1                   005FAD RLA    
aslax1                    005FBB RLA    aslax2                    005FC3 RLA    
axlong                    00605F RLA    axulong                   006065 RLA    
bnega                     006070 RLA    booleq                    006A40 RLA    
callmain                  0060C5 RLA    chlinechar                000060 REZ    
cputdirect                0071A2 RLA    ctypemask                 0064EF RLA    
ctypemaskdirect           0064F3 RLA    cursor                    008A04 RLA    
cvlinechar                00007D REZ    decax1                    00652F RLA    
decax2                    006536 RLA    decax3                    00653D RLA    
decax4                    006544 RLA    decaxy                    00654B RLA    
decsp1                    006554 RLA    decsp2                    00655D RLA    
decsp4                    00656A RLA    decsp6                    006577 RLA    
decsp8                    006584 RLA    donelib                   00647A RLA    
enter                     0065A6 RLA    fdtab                     0087CE RLA    
gotoxy                    00683B RLA    heapadd                   006681 RLA    
incax1                    006876 RLA    incax2                    00687D RLA    
incax3                    006884 RLA    incax4                    006898 RLA    
incax5                    006889 RLA    incax6                    00688E RLA    
incax7                    006893 RLA    incaxy                    00689A RLA    
incsp1                    0068A3 RLA    incsp2                    0068B2 RLA    
incsp3                    0068C0 RLA    incsp4                    0068C5 RLA    
incsp5                    0068CA RLA    incsp6                    0068CF RLA    
incsp7                    0068D4 RLA    incsp8                    0068D9 RLA    
initheap                  008825  LAI   initlib                   008835 RLA    
initstdout                008DB3  LAI   jmpvec                    0087DE RLA    
laddeqysp                 0068F3 RLA    ldax0sp                   006921 RLA    
ldaxi                     006914 RLA    ldaxidx                   006916 RLA    
ldaxysp                   006923 RLA    ldeaxysp                  00692C RLA    
leaa0sp                   00693D RLA    leaaxsp                   00693F RLA    
leavey                    006953 RLA    mul8x16                   006C65 RLA    
mul8x16a                  006C6F RLA    mulax10                   006C9D RLA    
negax                     006CBA RLA    negeax                    006966 RLA    
newline                   0071CF RLA    plot                      00718C RLA    
popa                      006CF0 RLA    popax                     0068AA RLA    
popptr1                   006CFC RLA    popsargsudiv16            006DDE RLA    
ptr1                      00000A RLZ    ptr2                      00000C RLZ    
ptr3                      00000E RLZ    ptr4                      000010 RLZ    
push0                     006D25 RLA    push1                     006D0A RLA    
pusha                     006D13 RLA    pusha0                    006D27 RLA    
pushax                    006D29 RLA    pusheax                   00698D RLA    
pushl0                    006984 RLA    pushw                     006D3F RLA    
pushw0sp                  006D4E RLA    pushwidx                  006D41 RLA    
pushwysp                  006D50 RLA    putchar                   0072E6 RLA    
regbank                   000016 RLZ    regswap2                  006D95 RLA    
return1                   006DAB RLA    rwcommon                  006DC4 RLA    
sigtable                  0087E1 RLA    soft80_bgcolor            006E8E RLA    
soft80_cgetc              006E2E RLA    soft80_charset            00885B RLA    
soft80_checkchar          0074DB RLA    soft80_cpeekc             006F64 RLA    
soft80_cpeekchar          006F70 RLA    soft80_cpeekcolor         007122 RLA    
soft80_cpeekrevers        00712B RLA    soft80_cpeeks             007132 RLA    
soft80_cputc              007184 RLA    soft80_cputcxy            00717F RLA    
soft80_cputdirect         0071A2 RLA    soft80_init               006F23 RLAI   
soft80_internal_bgcolor   008823 RLA    soft80_internal_cellcolor 008822 RLA    
soft80_internal_cursorxlsb 008824 RLA    soft80_kclrscr            007577 RLA    
soft80_kplot              0075C8 RLA    soft80_newline            0071CF RLA    
soft80_plot               00718C RLA    soft80_putchar            0072E6 RLA    
soft80_screensize         007605 RLA    soft80_shutdown           006F5C  LAI   
soft80_textcolor          006E77 RLA    sp                        000002 RLZ    
sreg                      000004 RLZ    staspidx                  007635 RLA    
stax0sp                   00764B RLA    staxspidx                 007656 RLA    
staxysp                   00764D RLA    subeq0sp                  00778E RLA    
subeqysp                  007790 RLA    subysp                    0077A3 RLA    
tmp1                      000012 RLZ    tmp2                      000013 RLZ    
tmp3                      000014 RLZ    tmp4                      000015 RLZ    
tosaddax                  005F82 RLA    tosdiva0                  006591 RLA    
tosicmp                   00684A RLA    tosicmp0                  006848 RLA    
tosmoda0                  006C0D RLA    tosmula0                  006C63 RLA    
tosorax                   006CCA RLA    tossuba0                  007779 RLA    
tossubax                  00777B RLA    tosudiva0                 0077B0 RLA    
tosudivax                 0077B2 RLA    tosumulax                 006C1E RLA    
udiv16                    0077C1 RLA    vsnprintf                 0078DB RLA    
zerobss                   007A20 RLA    


Exports list by value:
----------------------
__DESTRUCTOR_COUNT__      000001 REA    __LOADADDR__              000001 REA    
__STARTUP__               000001 REA    __EXEHDR__                000001 REA    
sp                        000002 RLZ    __CONSTRUCTOR_COUNT__     000003 REA    
sreg                      000004 RLZ    ptr1                      00000A RLZ    
ptr2                      00000C RLZ    ptr3                      00000E RLZ    
ptr4                      000010 RLZ    tmp1                      000012 RLZ    
tmp2                      000013 RLZ    tmp3                      000014 RLZ    
tmp4                      000015 RLZ    regbank                   000016 RLZ    
chlinechar                000060 REZ    cvlinechar                00007D REZ    
ST                        000090 RLZ    CURS_X                    0000D3 RLZ    
CURS_Y                    0000D6 RLZ    __BSS_SIZE__              000215 REA    
__STACKSIZE__             000800 REA    __MAIN_START__            00080D RLA    
__HEADER_LAST__           00080D RLA    _exit                     000825 RLA    
_updateMenu               000840 RLA    _mainLoop                 000A82 RLA    
_clearArea                0038F0 RLA    _newscreen                003938 RLA    
_drawFrame                0039DD RLA    _initScreen               003AD2 RLA    
_exitScreen               003AF9 RLA    _cathex                   003B0E RLA    
_catasc                   003CC1 RLA    _freeDir                  003E65 RLA    
_readDir                  003F3B RLA    _waitKey                  004949 RLA    
_cmd                      00497A RLA    _execute                  004999 RLA    
_updateScreen             004A09 RLA    _about                    004A44 RLA    
_showDir                  004B1C RLA    _refreshDir               004B81 RLA    
_printDir                 004C05 RLA    _printElement             004DEF RLA    
_fileTypeToStr            004EED RLA    _changeDir                005037 RLA    
_changeDeviceID           0052D3 RLA    _drawDirFrame             00543A RLA    
_getDeviceType            005539 RLA    _initDirWindowHeight      005628 RLA    
_textInput                005631 RLA    _doDOScommand             0058AE RLA    
_debugu                   0059BC RLA    _main                     0059EC RLA    
__afailed                 005B17 RLA    __directerrno             005B49 RLA    
__heapadd                 005B53 RLA    __heapmemavail            005B74 RLA    
__mappederrno             005BC2 RLA    __printf                  005CC5 RLA    
__seterrno                005F77 RLA    tosaddax                  005F82 RLA    
addeq0sp                  005F9C RLA    addeqysp                  005F9E RLA    
addysp1                   005FAD RLA    addysp                    005FAE RLA    
aslax1                    005FBB RLA    aslax2                    005FC3 RLA    
_atoi                     005FCE RLA    axlong                    00605F RLA    
axulong                   006065 RLA    bnega                     006070 RLA    
_bordercolor              00607A RLA    _cbm_k_basin              006082 RLA    
_cbm_k_chkin              006088 RLA    _cbm_close                006092 REA    
_cbm_k_close              006092 RLA    _cbm_k_open               006096 RLA    
_cbm_k_readst             00609F RLA    _cbm_k_setlfs             0060A4 RLA    
_cbm_k_setnam             0060B2 RLA    callmain                  0060C5 RLA    
_calloc                   0060DC RLA    _cbm_opendir              0060FD RLA    
_cbm_closedir             00637B RLA    __cbm_filetype            006388 RLA    
_cbm_open                 00639B RLA    _cbm_read                 0063AB RLA    
_cbm_write                006406 RLA    _cclearxy                 006450 RLA    
_cclear                   006455 RLA    _chline                   00646A RLA    
donelib                   00647A RLA    _cprintf                  006486 RLA    
_cputhex16                0064B0 RLA    _cputhex8                 0064B6 RLA    
_cputsxy                  0064CC RLA    _cputs                    0064D6 RLA    
ctypemask                 0064EF RLA    ctypemaskdirect           0064F3 RLA    
_cursor                   00650D RLA    _cvlinexy                 006517 RLA    
decax1                    00652F RLA    decax2                    006536 RLA    
decax3                    00653D RLA    decax4                    006544 RLA    
decaxy                    00654B RLA    decsp1                    006554 RLA    
decsp2                    00655D RLA    decsp4                    00656A RLA    
decsp6                    006577 RLA    decsp8                    006584 RLA    
tosdiva0                  006591 RLA    enter                     0065A6 RLA    
_fprintf                  0065C2 RLA    _free                     0065ED RLA    
heapadd                   006681 RLA    _fwrite                   0067C0 RLA    
gotoxy                    00683B RLA    _gotoxy                   00683E RLA    
tosicmp0                  006848 RLA    tosicmp                   00684A RLA    
incax1                    006876 RLA    incax2                    00687D RLA    
incax3                    006884 RLA    incax5                    006889 RLA    
incax6                    00688E RLA    incax7                    006893 RLA    
incax4                    006898 RLA    incaxy                    00689A RLA    
incsp1                    0068A3 RLA    popax                     0068AA RLA    
incsp2                    0068B2 RLA    incsp3                    0068C0 RLA    
incsp4                    0068C5 RLA    incsp5                    0068CA RLA    
incsp6                    0068CF RLA    incsp7                    0068D4 RLA    
incsp8                    0068D9 RLA    _isprint                  0068DE RLA    
_kbhit                    0068E8 RLA    laddeqysp                 0068F3 RLA    
ldaxi                     006914 RLA    ldaxidx                   006916 RLA    
ldax0sp                   006921 RLA    ldaxysp                   006923 RLA    
ldeaxysp                  00692C RLA    leaa0sp                   00693D RLA    
leaaxsp                   00693F RLA    leavey                    006953 RLA    
negeax                    006966 RLA    pushl0                    006984 RLA    
pusheax                   00698D RLA    _ltoa                     0069BD RLA    
_ultoa                    0069FE RLA    booleq                    006A40 RLA    
_malloc                   006A66 RLA    _memcpy                   006B74 RLA    
__bzero                   006BB0 RLA    _memset                   006BB8 RLA    
tosmoda0                  006C0D RLA    tosumulax                 006C1E RLA    
tosmula0                  006C63 RLA    mul8x16                   006C65 RLA    
mul8x16a                  006C6F RLA    mulax10                   006C9D RLA    
negax                     006CBA RLA    tosorax                   006CCA RLA    
__osmaperrno              006CDA RLA    popa                      006CF0 RLA    
popptr1                   006CFC RLA    push1                     006D0A RLA    
pusha                     006D13 RLA    push0                     006D25 RLA    
pusha0                    006D27 RLA    pushax                    006D29 RLA    
pushw                     006D3F RLA    pushwidx                  006D41 RLA    
pushw0sp                  006D4E RLA    pushwysp                  006D50 RLA    
_raise                    006D6A RLA    regswap2                  006D95 RLA    
return1                   006DAB RLA    _revers                   006DB0 RLA    
rwcommon                  006DC4 RLA    popsargsudiv16            006DDE RLA    
__sig_dfl                 006E2D RLA    _cgetc                    006E2E RLA    
soft80_cgetc              006E2E RLA    _textcolor                006E77 RLA    
soft80_textcolor          006E77 RLA    soft80_bgcolor            006E8E RLA    
_bgcolor                  006E8E RLA    soft80_init               006F23 RLAI   
soft80_shutdown           006F5C  LAI   soft80_cpeekc             006F64 RLA    
soft80_cpeekchar          006F70 RLA    soft80_cpeekcolor         007122 RLA    
soft80_cpeekrevers        00712B RLA    soft80_cpeeks             007132 RLA    
soft80_cputcxy            00717F RLA    _cputcxy                  00717F RLA    
_cputc                    007184 RLA    soft80_cputc              007184 RLA    
soft80_plot               00718C RLA    plot                      00718C RLA    
cputdirect                0071A2 RLA    soft80_cputdirect         0071A2 RLA    
newline                   0071CF RLA    soft80_newline            0071CF RLA    
soft80_putchar            0072E6 RLA    putchar                   0072E6 RLA    
soft80_checkchar          0074DB RLA    _clrscr                   007577 RLA    
soft80_kclrscr            007577 RLA    soft80_kplot              0075C8 RLA    
soft80_screensize         007605 RLA    _sprintf                  00760A RLA    
staspidx                  007635 RLA    stax0sp                   00764B RLA    
staxysp                   00764D RLA    staxspidx                 007656 RLA    
_strcmp                   007671 RLA    _strcpy                   007692 RLA    
_strlen                   0076B1 RLA    _strlower                 0076C7 RLA    
_strncmp                  0076EE RLA    _strstr                   007727 RLA    
tossuba0                  007779 RLA    tossubax                  00777B RLA    
subeq0sp                  00778E RLA    subeqysp                  007790 RLA    
subysp                    0077A3 RLA    tosudiva0                 0077B0 RLA    
tosudivax                 0077B2 RLA    udiv16                    0077C1 RLA    
_vcprintf                 007847 RLA    _vfprintf                 0078AF RLA    
vsnprintf                 0078DB RLA    _vsprintf                 0079B2 RLA    
_wherex                   0079C4 RLA    _wherey                   0079C9 RLA    
_write                    0079CE RLA    zerobss                   007A20 RLA    
__hextab                  00857C RLA    __longminstr              00858C RLA    
__ctype                   0085B8 RLA    __ctypeidx                0085C3 RLA    
__DESTRUCTOR_TABLE__      00869F RLA    _dirs                     0086A6 RLA    
_devices                  0086AA RLA    _drivetype                0086AC RLA    
_stderr                   008796 RLA    __heapptr                 00879A RLA    
__heapend                 00879C RLA    __heapfirst               00879E RLA    
__heaplast                0087A0 RLA    fdtab                     0087CE RLA    
jmpvec                    0087DE RLA    sigtable                  0087E1 RLA    
soft80_internal_cellcolor 008822 RLA    soft80_internal_bgcolor   008823 RLA    
soft80_internal_cursorxlsb 008824 RLA    __ONCE_RUN__              008825 RLA    
initheap                  008825  LAI   __BSS_RUN__               008825 RLA    
initlib                   008835 RLA    soft80_charset            00885B RLA    
_DIR1H                    008928 RLA    _DIR2H                    008929 RLA    
_devicetype               00892A RLA    _linebuffer               008936 RLA    
_linebuffer2              008987 RLA    cursor                    008A04 RLA    
__oserror                 008A05 RLA    __errno                   008A34 RLA    
initstdout                008DB3  LAI   __CONSTRUCTOR_TABLE__     008DC4 RLA    
__MAIN_SIZE__             00C023 REA    __HIMEM__                 00C830 REA    
READST                    00FFB7 RLA    SETLFS                    00FFBA RLA    
SETNAM                    00FFBD RLA    OPEN                      00FFC0 RLA    
CLOSE                     00FFC3 RLA    CHKIN                     00FFC6 RLA    
CKOUT                     00FFC9 RLA    _cbm_k_clrch              00FFCC REA    
CLRCH                     00FFCC RLA    BASIN                     00FFCF RLA    
BSOUT                     00FFD2 RLA    


Imports list:
-------------
BASIN (kernal.o):
    cbm_read.o                cbm/cbm.inc:47
    c_basin.o                 cbm/cbm.inc:47
BSOUT (kernal.o):
    write.o                   cbm/cbm.inc:49
    crt0.o                    c64/crt0.s:10
    cbm_write.o               cbm/cbm.inc:49
CHKIN (kernal.o):
    cbm_read.o                cbm/cbm.inc:44
    c_chkin.o                 cbm/cbm.inc:44
CKOUT (kernal.o):
    write.o                   cbm/cbm.inc:45
    cbm_write.o               cbm/cbm.inc:45
CLOSE (kernal.o):
    c_close.o                 cbm/cbm.inc:36
CLRCH (kernal.o):
    write.o                   cbm/cbm.inc:46
    cbm_write.o               cbm/cbm.inc:46
    cbm_read.o                cbm/cbm.inc:46
    c_clrch.o                 cbm/cbm.inc:46
CURS_X (conio.o):
    wherex.o                  cbm/wherex.s:8
    gotoxy.o                  cbm/gotoxy.s:9
CURS_Y (conio.o):
    wherey.o                  cbm/wherey.s:8
    gotoxy.o                  cbm/gotoxy.s:9
OPEN (kernal.o):
    write.o                   cbm/cbm.inc:35
    c_open.o                  cbm/cbm.inc:35
READST (kernal.o):
    write.o                   cbm/cbm.inc:32
    cbm_write.o               cbm/cbm.inc:32
    cbm_read.o                cbm/cbm.inc:32
    c_readst.o                cbm/cbm.inc:32
SETLFS (kernal.o):
    write.o                   cbm/cbm.inc:33
    c_setlfs.o                cbm/cbm.inc:33
SETNAM (kernal.o):
    c_setnam.o                cbm/cbm.inc:34
ST (status.o):
    crt0.o                    c64/crt0.s:13
_DIR1H (ops.o):
    dc.o                      src/dc.s:23
_DIR2H (ops.o):
    dc.o                      src/dc.s:24
__BSS_RUN__ ([linker generated]):
    _heap.o                   common/_heap.s:8
    zerobss.o                 common/zerobss.s:8
__BSS_SIZE__ ([linker generated]):
    _heap.o                   common/_heap.s:8
    zerobss.o                 common/zerobss.s:8
__CONSTRUCTOR_COUNT__ ([linker generated]):
    condes.o                  runtime/condes.s:18
__CONSTRUCTOR_TABLE__ ([linker generated]):
    condes.o                  runtime/condes.s:18
__DESTRUCTOR_COUNT__ ([linker generated]):
    condes.o                  runtime/condes.s:19
__DESTRUCTOR_TABLE__ ([linker generated]):
    condes.o                  runtime/condes.s:19
__EXEHDR__ (exehdr.o):
    [linker generated]        dc64ieee.cfg:9
__HEADER_LAST__ ([linker generated]):
    [linker generated]        dc64ieee.cfg:17
    [linker generated]        dc64ieee.cfg:17
__HIMEM__ ([linker generated]):
    [linker generated]        dc64ieee.cfg:18
    [linker generated]        dc64ieee.cfg:17
__LOADADDR__ (loadaddr.o):
    [linker generated]        dc64ieee.cfg:8
__MAIN_SIZE__ ([linker generated]):
    crt0.o                    c64/crt0.s:11
__MAIN_START__ ([linker generated]):
    crt0.o                    c64/crt0.s:11
__ONCE_RUN__ ([linker generated]):
    [linker generated]        dc64ieee.cfg:18
    [linker generated]        dc64ieee.cfg:18
__STACKSIZE__ ([linker generated]):
    _heap.o                   common/_heap.s:8
    [linker generated]        dc64ieee.cfg:18
__STARTUP__ (crt0.o):
    ops.o                     src/ops.s:13
__afailed (_afailed.o):
    dir.o                     src/dir.s:13
    dc.o                      src/dc.s:13
__bzero (memset.o):
    calloc.o                  common/calloc.s:10
__cbm_filetype (cbm_filetype.o):
    cbm_dir.o                 ../libwrk/c64/cbm_dir.s:13
__ctype (ctype.o):
    ctypemask.o               common/ctypemask.s:23
__ctypeidx (ctype.o):
    ctypemask.o               common/ctypemask.s:24
__directerrno (_directerrno.o):
    write.o                   /home/runner/work/cc65/cc65/asminc/errno.inc:10
    vsnprintf.o               /home/runner/work/cc65/cc65/asminc/errno.inc:10
__errno (errno.o):
    _seterrno.o               /home/runner/work/cc65/cc65/asminc/errno.inc:7
__heapadd (_heapadd.o):
    ops.o                     src/ops.s:70
__heapend (_heap.o):
    malloc.o                  /home/runner/work/cc65/cc65/asminc/_heap.inc:33
    _heapmemavail.o           /home/runner/work/cc65/cc65/asminc/_heap.inc:33
__heapfirst (_heap.o):
    malloc.o                  /home/runner/work/cc65/cc65/asminc/_heap.inc:34
    free.o                    /home/runner/work/cc65/cc65/asminc/_heap.inc:34
    _heapmemavail.o           /home/runner/work/cc65/cc65/asminc/_heap.inc:34
__heaplast (_heap.o):
    malloc.o                  /home/runner/work/cc65/cc65/asminc/_heap.inc:35
    free.o                    /home/runner/work/cc65/cc65/asminc/_heap.inc:35
__heapmemavail (_heapmemavail.o):
    dc.o                      src/dc.s:22
__heapptr (_heap.o):
    malloc.o                  /home/runner/work/cc65/cc65/asminc/_heap.inc:32
    free.o                    /home/runner/work/cc65/cc65/asminc/_heap.inc:32
    _heapmemavail.o           /home/runner/work/cc65/cc65/asminc/_heap.inc:32
__hextab (_hextab.o):
    ltoa.o                    common/ltoa.s:10
    cputhex.o                 conio/cputhex.s:10
__longminstr (_longminstr.o):
    ltoa.o                    common/ltoa.s:10
__mappederrno (_mappederrno.o):
    write.o                   /home/runner/work/cc65/cc65/asminc/errno.inc:10
__oserror (_oserror.o):
    _mappederrno.o            /home/runner/work/cc65/cc65/asminc/errno.inc:7
    _directerrno.o            /home/runner/work/cc65/cc65/asminc/errno.inc:7
    write.o                   /home/runner/work/cc65/cc65/asminc/errno.inc:7
    cbm_write.o               cbm/cbm_write.s:36
    cbm_read.o                cbm/cbm_read.s:44
    cbm_open.o                cbm/cbm_open.s:26
    cbm_dir.o                 ../libwrk/c64/cbm_dir.s:23
    ops.o                     src/ops.s:73
    dc.o                      src/dc.s:45
__osmaperrno (oserror.o):
    _mappederrno.o            /home/runner/work/cc65/cc65/asminc/errno.inc:8
__printf (_printf.o):
    vsnprintf.o               common/vsnprintf.s:10
    vfprintf.o                common/vfprintf.s:10
    vcprintf.o                conio/vcprintf.s:9
__seterrno (_seterrno.o):
    _mappederrno.o            /home/runner/work/cc65/cc65/asminc/errno.inc:9
    _directerrno.o            /home/runner/work/cc65/cc65/asminc/errno.inc:9
    fwrite.o                  /home/runner/work/cc65/cc65/asminc/errno.inc:9
    signal.o                  /home/runner/work/cc65/cc65/asminc/errno.inc:9
__sig_dfl (signal.o):
    sigtable.o                /home/runner/work/cc65/cc65/asminc/signal.inc:53
    raise.o                   /home/runner/work/cc65/cc65/asminc/signal.inc:53
_about (ops.o):
    dc.o                      src/dc.s:55
_atoi (atoi.o):
    ops.o                     src/ops.s:71
_bgcolor (c64-soft80.o):
    screen.o                  src/screen.s:19
_bordercolor (bordercolor.o):
    screen.o                  src/screen.s:20
_calloc (calloc.o):
    dir.o                     src/dir.s:14
_catasc (cat.o):
    dc.o                      src/dc.s:47
_cathex (cat.o):
    dc.o                      src/dc.s:46
_cbm_close (cbm_close.o):
    cbm_dir.o                 ../libwrk/c64/cbm_dir.s:19
    ops.o                     src/ops.s:17
    cat.o                     src/cat.s:14
    dc.o                      src/dc.s:28
_cbm_closedir (cbm_dir.o):
    dir.o                     src/dir.s:25
    dc.o                      src/dc.s:31
_cbm_k_basin (c_basin.o):
    cbm_dir.o                 ../libwrk/c64/cbm_dir.s:14
    dir.o                     src/dir.s:20
_cbm_k_chkin (c_chkin.o):
    cbm_dir.o                 ../libwrk/c64/cbm_dir.s:15
    dir.o                     src/dir.s:21
_cbm_k_close (c_close.o):
    cbm_close.o               cbm/cbm_close.s:7
_cbm_k_clrch (c_clrch.o):
    cbm_dir.o                 ../libwrk/c64/cbm_dir.s:16
    dir.o                     src/dir.s:22
_cbm_k_open (c_open.o):
    cbm_open.o                cbm/cbm_open.s:25
_cbm_k_readst (c_readst.o):
    cbm_dir.o                 ../libwrk/c64/cbm_dir.s:17
    dir.o                     src/dir.s:23
_cbm_k_setlfs (c_setlfs.o):
    cbm_open.o                cbm/cbm_open.s:25
_cbm_k_setnam (c_setnam.o):
    cbm_open.o                cbm/cbm_open.s:25
_cbm_open (cbm_open.o):
    cbm_dir.o                 ../libwrk/c64/cbm_dir.s:18
    ops.o                     src/ops.s:16
    cat.o                     src/cat.s:13
    dc.o                      src/dc.s:27
_cbm_opendir (cbm_dir.o):
    dir.o                     src/dir.s:24
_cbm_read (cbm_read.o):
    ops.o                     src/ops.s:18
    cat.o                     src/cat.s:15
    dc.o                      src/dc.s:29
_cbm_write (cbm_write.o):
    dc.o                      src/dc.s:30
_cclear (cclear.o):
    ops.o                     src/ops.s:65
    dir.o                     src/dir.s:30
_cclearxy (cclear.o):
    screen.o                  src/screen.s:23
    dc.o                      src/dc.s:44
_cgetc (c64-soft80.o):
    ops.o                     src/ops.s:61
    base.o                    src/base.s:15
    dc.o                      src/dc.s:41
_changeDeviceID (ops.o):
    dc.o                      src/dc.s:63
_changeDir (ops.o):
    dc.o                      src/dc.s:62
_chline (chline.o):
    screen.o                  src/screen.s:21
_clearArea (screen.o):
    ops.o                     src/ops.s:48
_clrscr (c64-soft80.o):
    ops.o                     src/ops.s:54
    cat.o                     src/cat.s:16
    screen.o                  src/screen.s:13
_cmd (ops.o):
    dc.o                      src/dc.s:51
_cprintf (cprintf.o):
    ops.o                     src/ops.s:60
    dir.o                     src/dir.s:28
    dc.o                      src/dc.s:40
_cputc (c64-soft80.o):
    vcprintf.o                conio/vcprintf.s:9
    cputs.o                   conio/cputs.s:9
    cputhex.o                 conio/cputhex.s:9
    ops.o                     src/ops.s:56
    dir.o                     src/dir.s:27
    cat.o                     src/cat.s:19
    screen.o                  src/screen.s:15
    dc.o                      src/dc.s:36
_cputcxy (c64-soft80.o):
    ops.o                     src/ops.s:57
    dc.o                      src/dc.s:37
_cputhex16 (cputhex.o):
    cat.o                     src/cat.s:23
_cputhex8 (cputhex.o):
    cat.o                     src/cat.s:22
_cputs (cputs.o):
    ops.o                     src/ops.s:58
    base.o                    src/base.s:14
    cat.o                     src/cat.s:20
    screen.o                  src/screen.s:16
    dc.o                      src/dc.s:38
_cputsxy (cputs.o):
    ops.o                     src/ops.s:59
    dc.o                      src/dc.s:39
_cursor (cursor.o):
    ops.o                     src/ops.s:62
_cvlinexy (cvline.o):
    screen.o                  src/screen.s:22
_debugu (ops.o):
    dir.o                     src/dir.s:37
_devices (ops.o):
    dc.o                      src/dc.s:72
_devicetype (ops.o):
    dc.o                      src/dc.s:69
_dirs (ops.o):
    dc.o                      src/dc.s:74
_doDOScommand (ops.o):
    dc.o                      src/dc.s:68
_drawDirFrame (ops.o):
    dc.o                      src/dc.s:64
_drawFrame (screen.o):
    ops.o                     src/ops.s:50
    dc.o                      src/dc.s:26
_drivetype (ops.o):
    dc.o                      src/dc.s:70
_execute (ops.o):
    dc.o                      src/dc.s:52
_exit (crt0.o):
    _afailed.o                ../libwrk/c64/_afailed.s:16
    ops.o                     src/ops.s:72
_exitScreen (screen.o):
    ops.o                     src/ops.s:52
_fileTypeToStr (ops.o):
    dc.o                      src/dc.s:61
_fprintf (fprintf.o):
    _afailed.o                ../libwrk/c64/_afailed.s:15
_free (free.o):
    dir.o                     src/dir.s:15
    dc.o                      src/dc.s:21
_freeDir (dir.o):
    dc.o                      src/dc.s:48
_fwrite (fwrite.o):
    vfprintf.o                common/vfprintf.s:10
_getDeviceType (ops.o):
    dc.o                      src/dc.s:65
_gotoxy (gotoxy.o):
    ops.o                     src/ops.s:55
    dir.o                     src/dir.s:26
    cat.o                     src/cat.s:17
    screen.o                  src/screen.s:14
    dc.o                      src/dc.s:33
_initDirWindowHeight (ops.o):
    dc.o                      src/dc.s:66
_initScreen (screen.o):
    ops.o                     src/ops.s:51
_isprint (isprint.o):
    ops.o                     src/ops.s:74
_kbhit (kbhit.o):
    dc.o                      src/dc.s:32
_linebuffer (ops.o):
    dir.o                     src/dir.s:35
    dc.o                      src/dc.s:71
_linebuffer2 (ops.o):
    dir.o                     src/dir.s:36
    dc.o                      src/dc.s:73
_ltoa (ltoa.o):
    _printf.o                 common/_printf.s:12
_main (ops.o):
    callmain.o                runtime/callmain.s:11
_mainLoop (dc.o):
    ops.o                     src/ops.s:26
_malloc (malloc.o):
    calloc.o                  common/calloc.s:10
    dc.o                      src/dc.s:20
_memcpy (memcpy.o):
    vsnprintf.o               common/vsnprintf.s:10
    dir.o                     src/dir.s:18
    dc.o                      src/dc.s:18
_memset (memset.o):
    dc.o                      src/dc.s:19
_newscreen (screen.o):
    ops.o                     src/ops.s:49
    dc.o                      src/dc.s:25
_printDir (ops.o):
    dc.o                      src/dc.s:59
_printElement (ops.o):
    dc.o                      src/dc.s:60
_raise (raise.o):
    _afailed.o                ../libwrk/c64/_afailed.s:13
_readDir (dir.o):
    ops.o                     src/ops.s:19
    dc.o                      src/dc.s:49
_refreshDir (ops.o):
    dc.o                      src/dc.s:58
_revers (revers.o):
    ops.o                     src/ops.s:63
    base.o                    src/base.s:16
    dir.o                     src/dir.s:29
    screen.o                  src/screen.s:17
    dc.o                      src/dc.s:42
_showDir (ops.o):
    dc.o                      src/dc.s:56
_sprintf (sprintf.o):
    ops.o                     src/ops.s:66
    dc.o                      src/dc.s:14
_stderr (_file.o):
    _afailed.o                ../libwrk/c64/_afailed.s:14
_strcmp (strcmp.o):
    dc.o                      src/dc.s:15
_strcpy (strcpy.o):
    ops.o                     src/ops.s:67
    dir.o                     src/dir.s:16
    dc.o                      src/dc.s:16
_strlen (strlen.o):
    _printf.o                 common/_printf.s:13
    ops.o                     src/ops.s:68
    screen.o                  src/screen.s:24
    dc.o                      src/dc.s:17
_strlower (strlower.o):
    _printf.o                 common/_printf.s:13
_strncmp (strncmp.o):
    dir.o                     src/dir.s:17
_strstr (strstr.o):
    ops.o                     src/ops.s:69
_textInput (ops.o):
    dc.o                      src/dc.s:67
_textcolor (c64-soft80.o):
    ops.o                     src/ops.s:64
    base.o                    src/base.s:17
    cat.o                     src/cat.s:21
    screen.o                  src/screen.s:18
    dc.o                      src/dc.s:43
_ultoa (ltoa.o):
    _printf.o                 common/_printf.s:12
_updateMenu (dc.o):
    ops.o                     src/ops.s:23
_updateScreen (ops.o):
    dc.o                      src/dc.s:53
_vcprintf (vcprintf.o):
    cprintf.o                 conio/cprintf.s:8
_vfprintf (vfprintf.o):
    fprintf.o                 common/fprintf.s:8
_vsprintf (vsprintf.o):
    sprintf.o                 common/sprintf.s:8
_waitKey (base.o):
    ops.o                     src/ops.s:53
    cat.o                     src/cat.s:27
    dc.o                      src/dc.s:50
_wherex (wherex.o):
    dc.o                      src/dc.s:34
_wherey (wherey.o):
    cat.o                     src/cat.s:18
    dc.o                      src/dc.s:35
_write (write.o):
    fwrite.o                  common/fwrite.s:10
addeq0sp (addeqsp.o):
    ops.o                     src/ops.s:2811
    ops.o                     src/ops.s:2811
    dc.o                      src/dc.s:6399
    dc.o                      src/dc.s:6399
addeqysp (addeqsp.o):
    ops.o                     src/ops.s:2811
    cat.o                     src/cat.s:461
    cat.o                     src/cat.s:461
    screen.o                  src/screen.s:353
    dc.o                      src/dc.s:6399
    dc.o                      src/dc.s:6399
    dc.o                      src/dc.s:6399
    dc.o                      src/dc.s:6399
addysp (addysp.o):
    fwrite.o                  common/fwrite.s:11
    sprintf.o                 common/sprintf.s:8
    leave.o                   runtime/leave.s:14
    incsp8.o                  runtime/incsp8.s:8
    incsp7.o                  runtime/incsp7.s:8
    incsp6.o                  runtime/incsp6.s:8
    incsp5.o                  runtime/incsp5.s:8
    incsp4.o                  runtime/incsp4.s:8
    incsp3.o                  runtime/incsp3.s:8
    fprintf.o                 common/fprintf.s:8
    cprintf.o                 conio/cprintf.s:8
    ops.o                     src/ops.s:2811
    ops.o                     src/ops.s:2811
    ops.o                     src/ops.s:2811
    dir.o                     src/dir.s:1460
    cat.o                     src/cat.s:461
    cat.o                     src/cat.s:461
    dc.o                      src/dc.s:6399
    dc.o                      src/dc.s:6399
    dc.o                      src/dc.s:6399
    dc.o                      src/dc.s:6399
    dc.o                      src/dc.s:6399
    dc.o                      src/dc.s:6399
    dc.o                      src/dc.s:6399
addysp1 (addysp.o):
    sub.o                     runtime/sub.s:8
    or.o                      runtime/or.s:9
aslax1 (aslax1.o):
    dc.o                      src/dc.s:6399
aslax2 (aslax2.o):
    dc.o                      src/dc.s:6399
axlong (axlong.o):
    _printf.o                 common/_printf.s:11
    dc.o                      src/dc.s:6399
axulong (axlong.o):
    _printf.o                 common/_printf.s:11
bnega (bneg.o):
    cat.o                     src/cat.s:461
    dc.o                      src/dc.s:6399
booleq (makebool.o):
    ops.o                     src/ops.s:2811
    dc.o                      src/dc.s:6399
callmain (callmain.o):
    crt0.o                    c64/crt0.s:9
chlinechar (c64-soft80.o):
    chline.o                  cbm/chline.s:10
cputdirect (c64-soft80.o):
    chline.o                  cbm/chline.s:9
    cclear.o                  cbm/cclear.s:9
ctypemask (ctypemask.o):
    isprint.o                 common/isprint.s:15
ctypemaskdirect (ctypemask.o):
    strlower.o                common/strlower.s:14
    atoi.o                    common/atoi.s:11
cursor (_cursor.o):
    soft80_cgetc.o            c64/soft80_cgetc.s:11
    cursor.o                  conio/cursor.s:8
cvlinechar (c64-soft80.o):
    cvline.o                  cbm/cvline.s:10
decax1 (decax1.o):
    ops.o                     src/ops.s:2811
    dir.o                     src/dir.s:1460
    dc.o                      src/dc.s:6399
    dc.o                      src/dc.s:6399
    dc.o                      src/dc.s:6399
    dc.o                      src/dc.s:6399
decax2 (decax2.o):
    ops.o                     src/ops.s:2811
    dir.o                     src/dir.s:1460
    dc.o                      src/dc.s:6399
decax3 (decax3.o):
    ops.o                     src/ops.s:2811
    dir.o                     src/dir.s:1460
    dc.o                      src/dc.s:6399
decax4 (decax4.o):
    ops.o                     src/ops.s:2811
    dir.o                     src/dir.s:1460
    dc.o                      src/dc.s:6399
decaxy (decaxy.o):
    ops.o                     src/ops.s:2811
    cat.o                     src/cat.s:461
    dc.o                      src/dc.s:6399
decsp1 (decsp1.o):
    cbm_dir.o                 ../libwrk/c64/cbm_dir.s:374
    ops.o                     src/ops.s:2811
    dir.o                     src/dir.s:1460
    screen.o                  src/screen.s:353
    dc.o                      src/dc.s:6399
    dc.o                      src/dc.s:6399
    dc.o                      src/dc.s:6399
    dc.o                      src/dc.s:6399
decsp2 (decsp2.o):
    cbm_dir.o                 ../libwrk/c64/cbm_dir.s:374
    ops.o                     src/ops.s:2811
    ops.o                     src/ops.s:2811
    ops.o                     src/ops.s:2811
    ops.o                     src/ops.s:2811
    ops.o                     src/ops.s:2811
    ops.o                     src/ops.s:2811
    dir.o                     src/dir.s:1460
    dir.o                     src/dir.s:1460
    cat.o                     src/cat.s:461
    cat.o                     src/cat.s:461
    dc.o                      src/dc.s:6399
    dc.o                      src/dc.s:6399
    dc.o                      src/dc.s:6399
    dc.o                      src/dc.s:6399
    dc.o                      src/dc.s:6399
    dc.o                      src/dc.s:6399
    dc.o                      src/dc.s:6399
decsp4 (decsp4.o):
    sprintf.o                 common/sprintf.s:8
    lpush.o                   runtime/lpush.s:12
    fprintf.o                 common/fprintf.s:8
    dir.o                     src/dir.s:1460
    dc.o                      src/dc.s:6399
decsp6 (decsp6.o):
    _printf.o                 common/_printf.s:11
decsp8 (decsp8.o):
    dc.o                      src/dc.s:6399
    dc.o                      src/dc.s:6399
donelib (condes.o):
    crt0.o                    c64/crt0.s:8
enter (enter.o):
    cbm_dir.o                 ../libwrk/c64/cbm_dir.s:374
fdtab (filedes.o):
    write.o                   cbm/filedes.inc:7
gotoxy (gotoxy.o):
    soft80_cputc.o            c64/soft80_cputc.s:15
    cvline.o                  cbm/cvline.s:9
    cputs.o                   conio/cputs.s:9
    chline.o                  cbm/chline.s:9
    cclear.o                  cbm/cclear.s:9
heapadd (free.o):
    _heapadd.o                common/_heapadd.s:12
incax1 (incax1.o):
    ops.o                     src/ops.s:2811
    dc.o                      src/dc.s:6399
    dc.o                      src/dc.s:6399
    dc.o                      src/dc.s:6399
    dc.o                      src/dc.s:6399
incax2 (incax2.o):
    ops.o                     src/ops.s:2811
    dc.o                      src/dc.s:6399
incax3 (incax3.o):
    cbm_dir.o                 ../libwrk/c64/cbm_dir.s:374
    dc.o                      src/dc.s:6399
incax4 (incaxy.o):
    cbm_dir.o                 ../libwrk/c64/cbm_dir.s:374
    dc.o                      src/dc.s:6399
incax5 (incax5.o):
    dc.o                      src/dc.s:6399
incax6 (incax6.o):
    dc.o                      src/dc.s:6399
incax7 (incax7.o):
    dc.o                      src/dc.s:6399
incaxy (incaxy.o):
    incax7.o                  runtime/incax7.s:8
    incax6.o                  runtime/incax6.s:8
    incax5.o                  runtime/incax5.s:8
    incax3.o                  runtime/incax3.s:8
    ops.o                     src/ops.s:2811
    dir.o                     src/dir.s:1460
    cat.o                     src/cat.s:461
    dc.o                      src/dc.s:6399
    dc.o                      src/dc.s:6399
incsp1 (incsp1.o):
    cbm_dir.o                 ../libwrk/c64/cbm_dir.s:374
    ops.o                     src/ops.s:2811
    ops.o                     src/ops.s:2811
    ops.o                     src/ops.s:2811
    ops.o                     src/ops.s:2811
    base.o                    src/base.s:59
    dir.o                     src/dir.s:1460
    cat.o                     src/cat.s:461
    screen.o                  src/screen.s:353
    dc.o                      src/dc.s:6399
    dc.o                      src/dc.s:6399
    dc.o                      src/dc.s:6399
    dc.o                      src/dc.s:6399
    dc.o                      src/dc.s:6399
    dc.o                      src/dc.s:6399
    dc.o                      src/dc.s:6399
    dc.o                      src/dc.s:6399
    dc.o                      src/dc.s:6399
    dc.o                      src/dc.s:6399
    dc.o                      src/dc.s:6399
    dc.o                      src/dc.s:6399
incsp2 (incsp2.o):
    vsnprintf.o               common/vsnprintf.s:9
    staxspi.o                 runtime/staxspi.s:9
    staspidx.o                runtime/staspidx.s:8
    popptr1.o                 runtime/popptr1.s:8
    ops.o                     src/ops.s:2811
    ops.o                     src/ops.s:2811
    ops.o                     src/ops.s:2811
    ops.o                     src/ops.s:2811
    ops.o                     src/ops.s:2811
    ops.o                     src/ops.s:2811
    ops.o                     src/ops.s:2811
    dir.o                     src/dir.s:1460
    dir.o                     src/dir.s:1460
    dc.o                      src/dc.s:6399
    dc.o                      src/dc.s:6399
    dc.o                      src/dc.s:6399
    dc.o                      src/dc.s:6399
incsp3 (incsp3.o):
    ops.o                     src/ops.s:2811
    ops.o                     src/ops.s:2811
    dir.o                     src/dir.s:1460
    screen.o                  src/screen.s:353
    dc.o                      src/dc.s:6399
    dc.o                      src/dc.s:6399
    dc.o                      src/dc.s:6399
incsp4 (incsp4.o):
    _afailed.o                ../libwrk/c64/_afailed.s:57
    ops.o                     src/ops.s:2811
    screen.o                  src/screen.s:353
    dc.o                      src/dc.s:6399
    dc.o                      src/dc.s:6399
incsp5 (incsp5.o):
    ops.o                     src/ops.s:2811
    screen.o                  src/screen.s:353
    dc.o                      src/dc.s:6399
incsp6 (incsp6.o):
    vsnprintf.o               common/vsnprintf.s:9
    fwrite.o                  common/fwrite.s:11
    vfprintf.o                common/vfprintf.s:9
    ops.o                     src/ops.s:2811
    ops.o                     src/ops.s:2811
    dir.o                     src/dir.s:1460
    dir.o                     src/dir.s:1460
    dc.o                      src/dc.s:6399
incsp7 (incsp7.o):
    cbm_dir.o                 ../libwrk/c64/cbm_dir.s:374
    ops.o                     src/ops.s:2811
    ops.o                     src/ops.s:2811
    ops.o                     src/ops.s:2811
incsp8 (incsp8.o):
    ops.o                     src/ops.s:2811
    screen.o                  src/screen.s:353
initlib (condes.o):
    crt0.o                    c64/crt0.s:8
jmpvec (jmpvec.o):
    raise.o                   common/raise.s:7
laddeqysp (laddeqsp.o):
    dc.o                      src/dc.s:6399
ldax0sp (ldaxsp.o):
    ops.o                     src/ops.s:2811
    ops.o                     src/ops.s:2811
    ops.o                     src/ops.s:2811
    ops.o                     src/ops.s:2811
    ops.o                     src/ops.s:2811
    ops.o                     src/ops.s:2811
    ops.o                     src/ops.s:2811
    dir.o                     src/dir.s:1460
    dir.o                     src/dir.s:1460
    dir.o                     src/dir.s:1460
    screen.o                  src/screen.s:353
    dc.o                      src/dc.s:6399
    dc.o                      src/dc.s:6399
    dc.o                      src/dc.s:6399
    dc.o                      src/dc.s:6399
    dc.o                      src/dc.s:6399
    dc.o                      src/dc.s:6399
    dc.o                      src/dc.s:6399
    dc.o                      src/dc.s:6399
ldaxi (ldaxi.o):
    cbm_dir.o                 ../libwrk/c64/cbm_dir.s:374
    ops.o                     src/ops.s:2811
    ops.o                     src/ops.s:2811
    ops.o                     src/ops.s:2811
    dir.o                     src/dir.s:1460
    dc.o                      src/dc.s:6399
    dc.o                      src/dc.s:6399
    dc.o                      src/dc.s:6399
    dc.o                      src/dc.s:6399
    dc.o                      src/dc.s:6399
ldaxidx (ldaxi.o):
    ops.o                     src/ops.s:2811
    ops.o                     src/ops.s:2811
    ops.o                     src/ops.s:2811
    ops.o                     src/ops.s:2811
    dir.o                     src/dir.s:1460
    dir.o                     src/dir.s:1460
    dir.o                     src/dir.s:1460
    dc.o                      src/dc.s:6399
    dc.o                      src/dc.s:6399
    dc.o                      src/dc.s:6399
    dc.o                      src/dc.s:6399
    dc.o                      src/dc.s:6399
ldaxysp (ldaxsp.o):
    vsnprintf.o               common/vsnprintf.s:9
    fwrite.o                  common/fwrite.s:11
    cbm_dir.o                 ../libwrk/c64/cbm_dir.s:374
    ops.o                     src/ops.s:2811
    ops.o                     src/ops.s:2811
    ops.o                     src/ops.s:2811
    ops.o                     src/ops.s:2811
    ops.o                     src/ops.s:2811
    ops.o                     src/ops.s:2811
    ops.o                     src/ops.s:2811
    ops.o                     src/ops.s:2811
    ops.o                     src/ops.s:2811
    ops.o                     src/ops.s:2811
    ops.o                     src/ops.s:2811
    dir.o                     src/dir.s:1460
    dir.o                     src/dir.s:1460
    dir.o                     src/dir.s:1460
    cat.o                     src/cat.s:461
    cat.o                     src/cat.s:461
[...]
push1 (push1.o):
    _printf.o                 common/_printf.s:11
    vfprintf.o                common/vfprintf.s:9
pusha (pusha.o):
    cbm_dir.o                 ../libwrk/c64/cbm_dir.s:374
    cbm_dir.o                 ../libwrk/c64/cbm_dir.s:374
    cbm_dir.o                 ../libwrk/c64/cbm_dir.s:374
    ops.o                     src/ops.s:2811
    ops.o                     src/ops.s:2811
    ops.o                     src/ops.s:2811
    ops.o                     src/ops.s:2811
    ops.o                     src/ops.s:2811
    ops.o                     src/ops.s:2811
    ops.o                     src/ops.s:2811
    ops.o                     src/ops.s:2811
    ops.o                     src/ops.s:2811
    ops.o                     src/ops.s:2811
    ops.o                     src/ops.s:2811
    ops.o                     src/ops.s:2811
    ops.o                     src/ops.s:2811
    ops.o                     src/ops.s:2811
    ops.o                     src/ops.s:2811
    ops.o                     src/ops.s:2811
    ops.o                     src/ops.s:2811
    ops.o                     src/ops.s:2811
    ops.o                     src/ops.s:2811
    ops.o                     src/ops.s:2811
    ops.o                     src/ops.s:2811
    base.o                    src/base.s:59
    dir.o                     src/dir.s:1460
    dir.o                     src/dir.s:1460
    cat.o                     src/cat.s:461
    cat.o                     src/cat.s:461
    cat.o                     src/cat.s:461
    screen.o                  src/screen.s:353
    screen.o                  src/screen.s:353
    screen.o                  src/screen.s:353
    screen.o                  src/screen.s:353
    dc.o                      src/dc.s:6399
    dc.o                      src/dc.s:6399
    dc.o                      src/dc.s:6399
    dc.o                      src/dc.s:6399
    dc.o                      src/dc.s:6399
    dc.o                      src/dc.s:6399
    dc.o                      src/dc.s:6399
    dc.o                      src/dc.s:6399
    dc.o                      src/dc.s:6399
    dc.o                      src/dc.s:6399
    dc.o                      src/dc.s:6399
    dc.o                      src/dc.s:6399
    dc.o                      src/dc.s:6399
    dc.o                      src/dc.s:6399
    dc.o                      src/dc.s:6399
    dc.o                      src/dc.s:6399
    dc.o                      src/dc.s:6399
    dc.o                      src/dc.s:6399
    dc.o                      src/dc.s:6399
pusha0 (pushax.o):
    push1.o                   runtime/push1.s:8
    ops.o                     src/ops.s:2811
    ops.o                     src/ops.s:2811
    ops.o                     src/ops.s:2811
    ops.o                     src/ops.s:2811
    ops.o                     src/ops.s:2811
    dir.o                     src/dir.s:1460
    screen.o                  src/screen.s:353
    screen.o                  src/screen.s:353
    dc.o                      src/dc.s:6399
    dc.o                      src/dc.s:6399
    dc.o                      src/dc.s:6399
    dc.o                      src/dc.s:6399
    dc.o                      src/dc.s:6399
    dc.o                      src/dc.s:6399
    dc.o                      src/dc.s:6399
    dc.o                      src/dc.s:6399
    dc.o                      src/dc.s:6399
pushax (pushax.o):
    fwrite.o                  common/fwrite.s:11
    callmain.o                runtime/callmain.s:11
    _printf.o                 common/_printf.s:11
    vcprintf.o                conio/vcprintf.s:8
    pushw.o                   runtime/pushw.s:8
    cprintf.o                 conio/cprintf.s:8
    cbm_dir.o                 ../libwrk/c64/cbm_dir.s:374
    cbm_dir.o                 ../libwrk/c64/cbm_dir.s:374
    calloc.o                  common/calloc.s:11
    _afailed.o                ../libwrk/c64/_afailed.s:57
    ops.o                     src/ops.s:2811
    ops.o                     src/ops.s:2811
    ops.o                     src/ops.s:2811
    ops.o                     src/ops.s:2811
    ops.o                     src/ops.s:2811
    ops.o                     src/ops.s:2811
    ops.o                     src/ops.s:2811
    ops.o                     src/ops.s:2811
    ops.o                     src/ops.s:2811
    ops.o                     src/ops.s:2811
    ops.o                     src/ops.s:2811
    ops.o                     src/ops.s:2811
    ops.o                     src/ops.s:2811
    ops.o                     src/ops.s:2811
    dir.o                     src/dir.s:1460
    dir.o                     src/dir.s:1460
    dir.o                     src/dir.s:1460
    dir.o                     src/dir.s:1460
    cat.o                     src/cat.s:461
    cat.o                     src/cat.s:461
    screen.o                  src/screen.s:353
    screen.o                  src/screen.s:353
    dc.o                      src/dc.s:6399
    dc.o                      src/dc.s:6399
    dc.o                      src/dc.s:6399
    dc.o                      src/dc.s:6399
    dc.o                      src/dc.s:6399
    dc.o                      src/dc.s:6399
    dc.o                      src/dc.s:6399
    dc.o                      src/dc.s:6399
    dc.o                      src/dc.s:6399
    dc.o                      src/dc.s:6399
    dc.o                      src/dc.s:6399
    dc.o                      src/dc.s:6399
pusheax (lpush.o):
    _printf.o                 common/_printf.s:11
    dc.o                      src/dc.s:6399
pushl0 (lpush.o):
    dc.o                      src/dc.s:6399
pushw (pushw.o):
    ops.o                     src/ops.s:2811
    ops.o                     src/ops.s:2811
    ops.o                     src/ops.s:2811
    ops.o                     src/ops.s:2811
    ops.o                     src/ops.s:2811
    dc.o                      src/dc.s:6399
    dc.o                      src/dc.s:6399
    dc.o                      src/dc.s:6399
    dc.o                      src/dc.s:6399
    dc.o                      src/dc.s:6399
pushw0sp (pushwsp.o):
    vsprintf.o                common/vsprintf.s:8
    ops.o                     src/ops.s:2811
    dir.o                     src/dir.s:1460
pushwidx (pushw.o):
    ops.o                     src/ops.s:2811
    ops.o                     src/ops.s:2811
    dir.o                     src/dir.s:1460
    dir.o                     src/dir.s:1460
    dc.o                      src/dc.s:6399
    dc.o                      src/dc.s:6399
pushwysp (pushwsp.o):
    fwrite.o                  common/fwrite.s:11
    vfprintf.o                common/vfprintf.s:9
    _afailed.o                ../libwrk/c64/_afailed.s:57
    ops.o                     src/ops.s:2811
    ops.o                     src/ops.s:2811
    ops.o                     src/ops.s:2811
    ops.o                     src/ops.s:2811
    ops.o                     src/ops.s:2811
    ops.o                     src/ops.s:2811
    ops.o                     src/ops.s:2811
    ops.o                     src/ops.s:2811
    ops.o                     src/ops.s:2811
    ops.o                     src/ops.s:2811
    dir.o                     src/dir.s:1460
    dir.o                     src/dir.s:1460
    dc.o                      src/dc.s:6399
    dc.o                      src/dc.s:6399
    dc.o                      src/dc.s:6399
    dc.o                      src/dc.s:6399
    dc.o                      src/dc.s:6399
    dc.o                      src/dc.s:6399
    dc.o                      src/dc.s:6399
putchar (c64-soft80.o):
    cvline.o                  cbm/cvline.s:9
regbank (zeropage.o):
    _printf.o                 /home/runner/work/cc65/cc65/asminc/zeropage.inc:14
    regswap2.o                runtime/regswap2.s:8
    cbm_dir.o                 ../libwrk/c64/cbm_dir.s:10
    ops.o                     src/ops.s:10
regswap2 (regswap2.o):
    cbm_dir.o                 ../libwrk/c64/cbm_dir.s:374
return1 (return1.o):
    c64-soft80.o              c64/extra/soft80.s:70
rwcommon (rwcommon.o):
    write.o                   cbm/write.s:10
sigtable (sigtable.o):
    signal.o                  /home/runner/work/cc65/cc65/asminc/signal.inc:49
    raise.o                   /home/runner/work/cc65/cc65/asminc/signal.inc:49
soft80_bgcolor (soft80_color.o):
    c64-soft80.o              c64/extra/soft80.s:14
soft80_cgetc (soft80_cgetc.o):
    c64-soft80.o              c64/extra/soft80.s:9
soft80_charset (soft80_charset.o):
    soft80_conio.o            c64/soft80_conio.s:10
soft80_checkchar (soft80_cputc.o):
    soft80_color.o            c64/soft80_color.s:13
soft80_cpeekc (soft80_cpeekc.o):
    soft80_cpeeks.o           c64/soft80_cpeeks.s:7
    c64-soft80.o              c64/extra/soft80.s:19
soft80_cpeekchar (soft80_cpeekc.o):
    soft80_cpeekrevers.o      c64/soft80_cpeekrevers.s:7
soft80_cpeekcolor (soft80_cpeekcolor.o):
    c64-soft80.o              c64/extra/soft80.s:23
soft80_cpeekrevers (soft80_cpeekrevers.o):
    c64-soft80.o              c64/extra/soft80.s:27
soft80_cpeeks (soft80_cpeeks.o):
    c64-soft80.o              c64/extra/soft80.s:31
soft80_cputc (soft80_cputc.o):
    c64-soft80.o              c64/extra/soft80.s:35
soft80_cputcxy (soft80_cputc.o):
    c64-soft80.o              c64/extra/soft80.s:36
soft80_cputdirect (soft80_cputc.o):
    c64-soft80.o              c64/extra/soft80.s:37
soft80_init (soft80_conio.o):
    soft80_kplot.o            c64/soft80_kplot.s:62
    soft80_color.o            c64/soft80_color.s:158
    soft80_cgetc.o            c64/soft80_cgetc.s:84
soft80_internal_bgcolor (soft80_conio.o):
    soft80_kclrscr.o          c64/soft80_kclrscr.s:9
    soft80_cputc.o            c64/soft80_cputc.s:18
    soft80_color.o            c64/soft80_color.s:11
soft80_internal_cellcolor (soft80_conio.o):
    soft80_kclrscr.o          c64/soft80_kclrscr.s:9
    soft80_cputc.o            c64/soft80_cputc.s:18
    soft80_color.o            c64/soft80_color.s:11
    soft80_cgetc.o            c64/soft80_cgetc.s:10
soft80_internal_cursorxlsb (soft80_conio.o):
    soft80_kplot.o            c64/soft80_kplot.s:9
    soft80_cputc.o            c64/soft80_cputc.s:19
    soft80_color.o            c64/soft80_color.s:12
    soft80_cgetc.o            c64/soft80_cgetc.s:10
soft80_kclrscr (soft80_kclrscr.o):
    soft80_conio.o            c64/soft80_conio.s:10
    c64-soft80.o              c64/extra/soft80.s:49
soft80_kplot (soft80_kplot.o):
    soft80_kclrscr.o          c64/soft80_kclrscr.s:8
    soft80_cputc.o            c64/soft80_cputc.s:17
    soft80_cpeeks.o           c64/soft80_cpeeks.s:7
    soft80_color.o            c64/soft80_color.s:13
    c64-soft80.o              c64/extra/soft80.s:53
soft80_newline (soft80_cputc.o):
    c64-soft80.o              c64/extra/soft80.s:39
soft80_plot (soft80_cputc.o):
    c64-soft80.o              c64/extra/soft80.s:40
soft80_putchar (soft80_cputc.o):
    c64-soft80.o              c64/extra/soft80.s:38
soft80_screensize (soft80_scrsize.o):
    c64-soft80.o              c64/extra/soft80.s:57
soft80_textcolor (soft80_color.o):
    c64-soft80.o              c64/extra/soft80.s:13
sp (zeropage.o):
    vsnprintf.o               common/vsnprintf.s:11
    decsp6.o                  runtime/decsp6.s:8
    _printf.o                 /home/runner/work/cc65/cc65/asminc/zeropage.inc:11
    _heap.o                   common/_heap.s:9
    vfprintf.o                common/vfprintf.s:11
    vcprintf.o                conio/vcprintf.s:10
    subysp.o                  runtime/subysp.s:9
    subeqsp.o                 runtime/subeqsp.s:8
    sub.o                     runtime/sub.s:9
    staxspi.o                 runtime/staxspi.s:10
    staxsp.o                  runtime/staxsp.s:8
    staspidx.o                runtime/staspidx.s:9
    sprintf.o                 common/sprintf.s:9
    regswap2.o                runtime/regswap2.s:8
    pushwsp.o                 runtime/pushwsp.s:8
    pushax.o                  runtime/pushax.s:8
    pusha.o                   runtime/pusha.s:8
    popptr1.o                 runtime/popptr1.s:9
    popa.o                    runtime/popa.s:8
    or.o                      runtime/or.s:10
    memset.o                  common/memset.s:20
    memcpy.o                  common/memcpy.s:15
    lpush.o                   runtime/lpush.s:13
    leave.o                   runtime/leave.s:15
    leaaxsp.o                 runtime/leaaxsp.s:8
    ldeaxysp.o                runtime/ldeaxysp.s:12
    ldaxsp.o                  runtime/ldaxsp.s:8
    laddeqsp.o                runtime/laddeqsp.s:8
    incsp2.o                  runtime/incsp2.s:8
    incsp1.o                  runtime/incsp1.s:8
    icmp.o                    runtime/icmp.s:9
    fprintf.o                 common/fprintf.s:9
    enter.o                   runtime/enter.s:8
    decsp8.o                  runtime/decsp8.s:8
    decsp4.o                  runtime/decsp4.s:8
    decsp2.o                  runtime/decsp2.s:8
    decsp1.o                  runtime/decsp1.s:8
    crt0.o                    /home/runner/work/cc65/cc65/asminc/zeropage.inc:11
    cprintf.o                 conio/cprintf.s:9
    cbm_dir.o                 ../libwrk/c64/cbm_dir.s:10
    addysp.o                  runtime/addysp.s:8
    addeqsp.o                 runtime/addeqsp.s:8
    add.o                     runtime/add.s:12
    ops.o                     src/ops.s:10
    base.o                    src/base.s:10
    dir.o                     src/dir.s:10
    cat.o                     src/cat.s:10
    screen.o                  src/screen.s:10
    dc.o                      src/dc.s:10
sreg (zeropage.o):
    ltoa.o                    common/ltoa.s:11
    _printf.o                 /home/runner/work/cc65/cc65/asminc/zeropage.inc:11
    udiv.o                    runtime/udiv.s:10
    mod.o                     runtime/mod.s:12
    lpush.o                   runtime/lpush.s:13
    lneg.o                    runtime/lneg.s:11
    ldeaxysp.o                runtime/ldeaxysp.s:12
    laddeqsp.o                runtime/laddeqsp.s:8
    icmp.o                    runtime/icmp.s:9
    axlong.o                  runtime/axlong.s:9
    atoi.o                    common/atoi.s:10
    ops.o                     src/ops.s:10
    dir.o                     src/dir.s:10
    dc.o                      src/dc.s:10
staspidx (staspidx.o):
    cbm_dir.o                 ../libwrk/c64/cbm_dir.s:374
    dc.o                      src/dc.s:6399
    dc.o                      src/dc.s:6399
stax0sp (staxsp.o):
    cbm_dir.o                 ../libwrk/c64/cbm_dir.s:374
    ops.o                     src/ops.s:2811
    ops.o                     src/ops.s:2811
    ops.o                     src/ops.s:2811
    ops.o                     src/ops.s:2811
    ops.o                     src/ops.s:2811
    ops.o                     src/ops.s:2811
    dir.o                     src/dir.s:1460
    dir.o                     src/dir.s:1460
    dc.o                      src/dc.s:6399
    dc.o                      src/dc.s:6399
    dc.o                      src/dc.s:6399
    dc.o                      src/dc.s:6399
    dc.o                      src/dc.s:6399
staxspidx (staxspi.o):
    cbm_dir.o                 ../libwrk/c64/cbm_dir.s:374
    ops.o                     src/ops.s:2811
    dir.o                     src/dir.s:1460
    dc.o                      src/dc.s:6399
    dc.o                      src/dc.s:6399
staxysp (staxsp.o):
    vsprintf.o                common/vsprintf.s:8
    cbm_dir.o                 ../libwrk/c64/cbm_dir.s:374
    ops.o                     src/ops.s:2811
    ops.o                     src/ops.s:2811
    ops.o                     src/ops.s:2811
    dir.o                     src/dir.s:1460
    dir.o                     src/dir.s:1460
    cat.o                     src/cat.s:461
    cat.o                     src/cat.s:461
    dc.o                      src/dc.s:6399
    dc.o                      src/dc.s:6399
    dc.o                      src/dc.s:6399
    dc.o                      src/dc.s:6399
    dc.o                      src/dc.s:6399
    dc.o                      src/dc.s:6399
    dc.o                      src/dc.s:6399
    dc.o                      src/dc.s:6399
subeq0sp (subeqsp.o):
    dc.o                      src/dc.s:6399
subeqysp (subeqsp.o):
    cbm_dir.o                 ../libwrk/c64/cbm_dir.s:374
    ops.o                     src/ops.s:2811
    dc.o                      src/dc.s:6399
    dc.o                      src/dc.s:6399
subysp (subysp.o):
    cat.o                     src/cat.s:461
    cat.o                     src/cat.s:461
tmp1 (zeropage.o):
    ltoa.o                    common/ltoa.s:11
    c_setlfs.o                cbm/c_setlfs.s:13
    _printf.o                 /home/runner/work/cc65/cc65/asminc/zeropage.inc:13
    vcprintf.o                conio/vcprintf.s:10
    strstr.o                  common/strstr.s:9
    staxspi.o                 runtime/staxspi.s:10
    staspidx.o                runtime/staspidx.s:9
    soft80_color.o            c64/soft80_color.s:15
    soft80_cgetc.o            c64/soft80_cgetc.s:12
    shelp.o                   runtime/shelp.s:12
    or.o                      runtime/or.s:10
    mul.o                     runtime/mul.s:10
    mod.o                     runtime/mod.s:12
    incaxy.o                  runtime/incaxy.s:8
    div.o                     runtime/div.s:12
    decaxy.o                  runtime/decaxy.s:8
    cvline.o                  cbm/cvline.s:10
    cputs.o                   conio/cputs.s:10
    chline.o                  cbm/chline.s:10
    cclear.o                  cbm/cclear.s:10
    cbm_read.o                cbm/cbm_read.s:42
    atoi.o                    common/atoi.s:10
    aslax2.o                  runtime/aslax2.s:8
    aslax1.o                  runtime/aslax1.s:8
    add.o                     runtime/add.s:12
    ops.o                     src/ops.s:11
    dir.o                     src/dir.s:11
    dc.o                      src/dc.s:11
tmp2 (zeropage.o):
    rwcommon.o                cbm/rwcommon.s:10
    soft80_color.o            c64/soft80_color.s:15
    shelp.o                   runtime/shelp.s:12
    div.o                     runtime/div.s:12
tmp3 (zeropage.o):
    soft80_cputc.o            c64/soft80_cputc.s:21
tmp4 (zeropage.o):
    soft80_cputc.o            c64/soft80_cputc.s:21
tosaddax (add.o):
    screen.o                  src/screen.s:353
tosdiva0 (div.o):
    ops.o                     src/ops.s:2811
    ops.o                     src/ops.s:2811
    screen.o                  src/screen.s:353
    dc.o                      src/dc.s:6399
tosicmp (icmp.o):
    ops.o                     src/ops.s:2811
    ops.o                     src/ops.s:2811
    ops.o                     src/ops.s:2811
    screen.o                  src/screen.s:353
    dc.o                      src/dc.s:6399
    dc.o                      src/dc.s:6399
tosicmp0 (icmp.o):
    ops.o                     src/ops.s:2811
    dc.o                      src/dc.s:6399
tosmoda0 (mod.o):
    dc.o                      src/dc.s:6399
tosmula0 (mul8.o):
    ops.o                     src/ops.s:2811
    ops.o                     src/ops.s:2811
tosorax (or.o):
    cbm_dir.o                 ../libwrk/c64/cbm_dir.s:374
    dir.o                     src/dir.s:1460
tossuba0 (sub.o):
    dc.o                      src/dc.s:6399
tossubax (sub.o):
    ops.o                     src/ops.s:2811
    ops.o                     src/ops.s:2811
    dc.o                      src/dc.s:6399
tosudiva0 (udiv.o):
    dc.o                      src/dc.s:6399
    dc.o                      src/dc.s:6399
tosudivax (udiv.o):
    fwrite.o                  common/fwrite.s:12
tosumulax (mul.o):
    fwrite.o                  common/fwrite.s:12
    calloc.o                  common/calloc.s:11
udiv16 (udiv.o):
    shelp.o                   runtime/shelp.s:11
vsnprintf (vsnprintf.o):
    vsprintf.o                common/vsprintf.s:9
zerobss (zerobss.o):
    crt0.o                    c64/crt0.s:9

